source-aware follow-up diffusion task: hard002_joint_p100_steps20
  base_output_dir=SketchMol-Unified-3MDiffusion/outputs/unified_generation_3m_sourceaware_sweep_v2/hard002_head
  prior_loss_weight=1.0
  train_diffusion_connector=1
  sample_steps=20
  extra_epochs=20
  output_dir=SketchMol-Unified-3MDiffusion/outputs/unified_generation_3m_sourceaware_followup_v1/hard002_joint_p100_steps20
Running Unified 3M Stage 3 diffusion refine
  python=/home/bdong/.venvs/molscribe_overlay/bin/python
  output_dir=SketchMol-Unified-3MDiffusion/outputs/unified_generation_3m_sourceaware_sweep_v2/hard002_head
  diffusion_dir=SketchMol-Unified-3MDiffusion/outputs/unified_generation_3m_sourceaware_followup_v1/hard002_joint_p100_steps20/latent_diffusion
  base_diffusion_dir=SketchMol-Unified-3MDiffusion/outputs/unified_generation_3m_sourceaware_sweep_v2/hard002_head/latent_diffusion
  resume_diffusion_checkpoint=
  diffusion_epochs=20
  diffusion_extra_epochs=20
  diffusion_lr=1e-3
  diffusion_seed=13
  eval_seed=14
  prior_loss_weight=1.0
  train_diffusion_connector=1
  eval_limit=1000
  max_eval_per_property_count=0
  run_materialized_benchmark=0
{"cuda_available": true, "cuda_device_count": 1, "cuda_device_name": "NVIDIA H100 80GB HBM3 MIG 2g.20gb", "device": "cuda", "event": "device", "torch_version": "2.12.0"}
{"diffusion_loss": 0.5018505066633224, "diffusion_target_mae": 0.3108789257705212, "epoch": 1, "prior_mse": 0.6106887437403202, "train_loss": 1.1125392481684684}
{"diffusion_loss": 0.301729772426188, "diffusion_target_mae": 0.26192394867539404, "epoch": 2, "prior_mse": 0.5203814063221216, "train_loss": 0.8221111781895161}
{"diffusion_loss": 0.22558391448110343, "diffusion_target_mae": 0.22912347838282585, "epoch": 3, "prior_mse": 0.4583377156406641, "train_loss": 0.6839216306805611}
{"diffusion_loss": 0.18990408200770617, "diffusion_target_mae": 0.20636433828622103, "epoch": 4, "prior_mse": 0.41648342944681643, "train_loss": 0.6063875116407871}
{"diffusion_loss": 0.1647852661088109, "diffusion_target_mae": 0.18767205458134412, "epoch": 5, "prior_mse": 0.38115267679095266, "train_loss": 0.5459379389882087}
{"diffusion_loss": 0.14731358364224434, "diffusion_target_mae": 0.17150091789662839, "epoch": 6, "prior_mse": 0.35126275159418585, "train_loss": 0.49857633784413335}
{"diffusion_loss": 0.13176439655944705, "diffusion_target_mae": 0.15756664518266916, "epoch": 7, "prior_mse": 0.32471452057361605, "train_loss": 0.45647891648113725}
{"diffusion_loss": 0.11972682001069188, "diffusion_target_mae": 0.14684100802987815, "epoch": 8, "prior_mse": 0.30417045019567013, "train_loss": 0.4238972678780556}
{"diffusion_loss": 0.11000152910128236, "diffusion_target_mae": 0.13772000893950462, "epoch": 9, "prior_mse": 0.2862399905920029, "train_loss": 0.39624152034521104}
{"diffusion_loss": 0.10341449780389667, "diffusion_target_mae": 0.13011626908555626, "epoch": 10, "prior_mse": 0.2724723543971777, "train_loss": 0.3758868519216776}
{"diffusion_loss": 0.0963809055276215, "diffusion_target_mae": 0.12398180197924376, "epoch": 11, "prior_mse": 0.26032175235450267, "train_loss": 0.3567026566714048}
{"diffusion_loss": 0.09060023222118616, "diffusion_target_mae": 0.11839140653610229, "epoch": 12, "prior_mse": 0.2493510413914919, "train_loss": 0.3399512730538845}
{"diffusion_loss": 0.0846738938242197, "diffusion_target_mae": 0.11351381251588463, "epoch": 13, "prior_mse": 0.2398322232067585, "train_loss": 0.32450611628592013}
{"diffusion_loss": 0.0800764262676239, "diffusion_target_mae": 0.10859651612117886, "epoch": 14, "prior_mse": 0.23049851469695568, "train_loss": 0.3105749387294054}
{"diffusion_loss": 0.0754254543222487, "diffusion_target_mae": 0.10449738502502441, "epoch": 15, "prior_mse": 0.22186944708228112, "train_loss": 0.2972949013113976}
{"diffusion_loss": 0.07282569101080298, "diffusion_target_mae": 0.1015894204378128, "epoch": 16, "prior_mse": 0.2163662714883685, "train_loss": 0.28919196128845215}
{"diffusion_loss": 0.07067908141762018, "diffusion_target_mae": 0.09891909118741751, "epoch": 17, "prior_mse": 0.2117152951657772, "train_loss": 0.2823943763971329}
{"diffusion_loss": 0.0685219851322472, "diffusion_target_mae": 0.09626781567931175, "epoch": 18, "prior_mse": 0.20665558893233538, "train_loss": 0.2751775741577148}
{"diffusion_loss": 0.06333405873738229, "diffusion_target_mae": 0.09274635398760438, "epoch": 19, "prior_mse": 0.19847318045794965, "train_loss": 0.2618072390556335}
{"diffusion_loss": 0.060355706000700594, "diffusion_target_mae": 0.08972022179514169, "epoch": 20, "prior_mse": 0.19220596086233854, "train_loss": 0.25256166644394396}
{"cuda_available": true, "cuda_device_count": 1, "cuda_device_name": "NVIDIA H100 80GB HBM3 MIG 2g.20gb", "device": "cuda", "event": "device", "torch_version": "2.12.0"}
{
  "batch_size": 512,
  "benchmark_export": {
    "edit_latent_fingerprints": "SketchMol-Unified-3MDiffusion/outputs/unified_generation_3m_sourceaware_followup_v1/hard002_joint_p100_steps20/eval_latent/edit_latent_fingerprints.npy",
    "edit_latent_predictions": "SketchMol-Unified-3MDiffusion/outputs/unified_generation_3m_sourceaware_followup_v1/hard002_joint_p100_steps20/eval_latent/edit_latent_predictions.npy",
    "fingerprint_dim": 512,
    "index_csv": "SketchMol-Unified-3MDiffusion/outputs/unified_generation_3m_sourceaware_followup_v1/hard002_joint_p100_steps20/eval_latent/index.csv",
    "rows": 1000,
    "variant": "full"
  },
  "by_property_count": {
    "2": {
      "delta_mae": 4.1822443048219125,
      "generated_minus_prior_latent_mae": 0.023246387277830797,
      "latent_mae": 0.24684204592044096,
      "latent_mse": 6.104271019468585,
      "prior_delta_mae": 4.174744747249956,
      "prior_latent_mae": 0.23837803880194106,
      "prior_target_fingerprint_cosine": 0.3834175216767192,
      "prior_target_property_mae": 7.73810350464051,
      "rows": 498.0,
      "source_fingerprint_cosine": 0.367408542071117,
      "source_target_fingerprint_cosine": 0.8022456000782916,
      "source_target_property_mae": 6.295815136657661,
      "target_fingerprint_cosine": 0.38056325946735486,
      "target_property_mae": 7.830794819387566
    },
    "3": {
      "delta_mae": 4.58597359426408,
      "generated_minus_prior_latent_mae": 0.022438325061510674,
      "latent_mae": 0.2671361258732,
      "latent_mse": 8.86643450933954,
      "prior_delta_mae": 4.5668526058611665,
      "prior_latent_mae": 0.25756797821743216,
      "prior_target_fingerprint_cosine": 0.38780463956669586,
      "prior_target_property_mae": 8.666043917652175,
      "rows": 253.0,
      "source_fingerprint_cosine": 0.3722961693875664,
      "source_target_fingerprint_cosine": 0.8170229704292759,
      "source_target_property_mae": 7.784621986004675,
      "target_fingerprint_cosine": 0.3835716794784706,
      "target_property_mae": 8.842700063004324
    },
    "4": {
      "delta_mae": 4.500393703375777,
      "generated_minus_prior_latent_mae": 0.022581859874500804,
      "latent_mae": 0.2564560105539348,
      "latent_mse": 7.830568077527497,
      "prior_delta_mae": 4.462713154619688,
      "prior_latent_mae": 0.24782805476490766,
      "prior_target_fingerprint_cosine": 0.3946147031691086,
      "prior_target_property_mae": 8.35099111150389,
      "rows": 146.0,
      "source_fingerprint_cosine": 0.37225060208263117,
      "source_target_fingerprint_cosine": 0.7768574407416308,
      "source_target_property_mae": 10.190626446514914,
      "target_fingerprint_cosine": 0.39216766716743656,
      "target_property_mae": 8.441920331896167
    },
    "5": {
      "delta_mae": 4.947124744529154,
      "generated_minus_prior_latent_mae": 0.023054114000788377,
      "latent_mae": 0.2674375665721609,
      "latent_mse": 8.801812114555444,
      "prior_delta_mae": 4.864066043896462,
      "prior_latent_mae": 0.2584856716332151,
      "prior_target_fingerprint_cosine": 0.40310206941532967,
      "prior_target_property_mae": 8.9218624954793,
      "rows": 67.0,
      "source_fingerprint_cosine": 0.36867047620339427,
      "source_target_fingerprint_cosine": 0.779614618018377,
      "source_target_property_mae": 11.669823347632565,
      "target_fingerprint_cosine": 0.3990737483293998,
      "target_property_mae": 8.95560754768884
    },
    "6": {
      "delta_mae": 5.083067502294268,
      "generated_minus_prior_latent_mae": 0.018000918307474682,
      "latent_mae": 0.2831307756049292,
      "latent_mse": 12.520842620304652,
      "prior_delta_mae": 5.027898775679724,
      "prior_latent_mae": 0.27511787148458616,
      "prior_target_fingerprint_cosine": 0.4206473670912702,
      "prior_target_property_mae": 10.683490484952927,
      "rows": 28.0,
      "source_fingerprint_cosine": 0.4072516522850829,
      "source_target_fingerprint_cosine": 0.7534925484050908,
      "source_target_property_mae": 14.90597663606916,
      "target_fingerprint_cosine": 0.4182765784113384,
      "target_property_mae": 10.800215870141983
    },
    "7": {
      "delta_mae": 2.7120756208896637,
      "generated_minus_prior_latent_mae": 0.021651174291037023,
      "latent_mae": 0.20822344161570072,
      "latent_mse": 3.7366839349269867,
      "prior_delta_mae": 2.50458887219429,
      "prior_latent_mae": 0.2023850530385971,
      "prior_target_fingerprint_cosine": 0.39924355735424794,
      "prior_target_property_mae": 8.010978162288666,
      "rows": 8.0,
      "source_fingerprint_cosine": 0.3684770025251244,
      "source_target_fingerprint_cosine": 0.7196860976511666,
      "source_target_property_mae": 13.784869194030762,
      "target_fingerprint_cosine": 0.39240804619448166,
      "target_property_mae": 7.614417850971222
    }
  },
  "by_source_similarity_bin": {
    "easy_high_similarity": {
      "delta_mae": 4.330624513759993,
      "generated_minus_prior_latent_mae": 0.02422974900464001,
      "latent_mae": 0.2672433521832533,
      "latent_mse": 8.145669487147515,
      "prior_delta_mae": 4.29661703772015,
      "prior_latent_mae": 0.25697727974702195,
      "prior_target_fingerprint_cosine": 0.38179706937626673,
      "prior_target_property_mae": 8.624247110696231,
      "rows": 414.0,
      "source_fingerprint_cosine": 0.36201687462428755,
      "source_target_fingerprint_cosine": 0.8694197459867351,
      "source_target_property_mae": 6.762187095655912,
      "target_fingerprint_cosine": 0.37867517656236144,
      "target_property_mae": 8.828011122302733
    },
    "hard_similarity": {
      "delta_mae": 3.9525133950842752,
      "generated_minus_prior_latent_mae": 0.02340925268449441,
      "latent_mae": 0.21708894997007316,
      "latent_mse": 4.672588282023315,
      "prior_delta_mae": 3.98761293788751,
      "prior_latent_mae": 0.2093668427594282,
      "prior_target_fingerprint_cosine": 0.39341761139532483,
      "prior_target_property_mae": 6.684713606481199,
      "rows": 108.0,
      "source_fingerprint_cosine": 0.37159039700684,
      "source_target_fingerprint_cosine": 0.6483491561457493,
      "source_target_property_mae": 10.273549172613356,
      "target_fingerprint_cosine": 0.39150992271599355,
      "target_property_mae": 6.7042513015093625
    },
    "medium_similarity": {
      "delta_mae": 4.551875149355773,
      "generated_minus_prior_latent_mae": 0.021366305468081805,
      "latent_mae": 0.25393884532371824,
      "latent_mse": 7.3632837076628554,
      "prior_delta_mae": 4.525609549618166,
      "prior_latent_mae": 0.24623549330558736,
      "prior_target_fingerprint_cosine": 0.39350851653518243,
      "prior_target_property_mae": 8.22998395711807,
      "rows": 478.0,
      "source_fingerprint_cosine": 0.37772805006098675,
      "source_target_fingerprint_cosine": 0.7714943149527365,
      "source_target_property_mae": 8.353749910283787,
      "target_fingerprint_cosine": 0.38986395916786537,
      "target_property_mae": 8.2718632889592
    }
  },
  "condition_connector": "SketchMol-Unified-3MDiffusion/outputs/unified_generation_3m_sourceaware_sweep_v2/hard002_head/edit_condition_tokens/edit_condition_connector.pt",
  "connector_source": "diffusion_checkpoint.connector_state",
  "device": {
    "cuda_available": true,
    "cuda_device_count": 1,
    "cuda_device_name": "NVIDIA H100 80GB HBM3 MIG 2g.20gb",
    "device": "cuda",
    "torch_version": "2.12.0"
  },
  "diffusion_checkpoint": "SketchMol-Unified-3MDiffusion/outputs/unified_generation_3m_sourceaware_followup_v1/hard002_joint_p100_steps20/latent_diffusion/latent_diffusion_generation.pt",
  "diffusion_objective": "pred_x0",
  "diffusion_target": "residual",
  "eval_jsonl": "SketchMol-Unified-3MDiffusion/outputs/unified_generation_3m_sourceaware_sweep_v2/hard002_head/dataset/unified_condition_eval.jsonl",
  "fingerprint_dim": 512,
  "latent_block_summary": {
    "active": {
      "generated_prior_mae": 0.031844932585954666,
      "generated_target_mae": 0.3606073558330536,
      "prior_target_mae": 0.35934680700302124,
      "source_target_mae": 0.0
    },
    "deltas": {
      "generated_prior_mae": 0.30300045013427734,
      "generated_target_mae": 4.3955464363098145,
      "prior_target_mae": 4.3727030754089355,
      "source_target_mae": 0.0
    },
    "fingerprint": {
      "generated_prior_mae": 0.013899966143071651,
      "generated_target_mae": 0.11643320322036743,
      "prior_target_mae": 0.10808256268501282,
      "source_target_mae": 0.03497656434774399
    },
    "properties": {
      "generated_prior_mae": 0.5743666291236877,
      "generated_target_mae": 8.332806587219238,
      "prior_target_mae": 8.226320266723633,
      "source_target_mae": 7.902181148529053
    }
  },
  "max_eval_per_property_count": 0,
  "output_dir": "SketchMol-Unified-3MDiffusion/outputs/unified_generation_3m_sourceaware_followup_v1/hard002_joint_p100_steps20/eval_latent",
  "overall": {
    "delta_mae": 4.395546316757798,
    "generated_minus_prior_latent_mae": 0.022772409391589463,
    "latent_mae": 0.25546712246537207,
    "latent_mse": 7.396596314400434,
    "prior_delta_mae": 4.3727030156254765,
    "prior_latent_mae": 0.2467007786333561,
    "prior_target_fingerprint_cosine": 0.3886501596562867,
    "prior_target_property_mae": 8.226319704830647,
    "rows": 1000.0,
    "source_fingerprint_cosine": 0.37056075690034546,
    "source_target_fingerprint_cosine": 0.7987357662496573,
    "source_target_property_mae": 7.90218122535944,
    "target_fingerprint_cosine": 0.38540956723238456,
    "target_property_mae": 8.33280639731884
  },
  "rows": 1000,
  "sample_eta": 0.0,
  "sample_steps": 20,
  "seed": 14
}
Unified diffusion refine finished:
  diffusion=SketchMol-Unified-3MDiffusion/outputs/unified_generation_3m_sourceaware_followup_v1/hard002_joint_p100_steps20/latent_diffusion/latent_diffusion_generation.pt
  eval=SketchMol-Unified-3MDiffusion/outputs/unified_generation_3m_sourceaware_followup_v1/hard002_joint_p100_steps20/eval_latent/metrics.json
