source-aware follow-up diffusion task: hard002_freeze_p000_steps20
  base_output_dir=SketchMol-Unified-3MDiffusion/outputs/unified_generation_3m_sourceaware_sweep_v2/hard002_head
  prior_loss_weight=0
  train_diffusion_connector=0
  sample_steps=20
  extra_epochs=5
  output_dir=SketchMol-Unified-3MDiffusion/outputs/unified_generation_3m_sourceaware_followup_v1/hard002_freeze_p000_steps20
Running Unified 3M Stage 3 diffusion refine
  python=/home/bdong/.venvs/molscribe_overlay/bin/python
  output_dir=SketchMol-Unified-3MDiffusion/outputs/unified_generation_3m_sourceaware_sweep_v2/hard002_head
  diffusion_dir=SketchMol-Unified-3MDiffusion/outputs/unified_generation_3m_sourceaware_followup_v1/hard002_freeze_p000_steps20/latent_diffusion
  base_diffusion_dir=SketchMol-Unified-3MDiffusion/outputs/unified_generation_3m_sourceaware_sweep_v2/hard002_head/latent_diffusion
  resume_diffusion_checkpoint=
  diffusion_epochs=5
  diffusion_extra_epochs=5
  diffusion_lr=1e-3
  diffusion_seed=13
  eval_seed=14
  prior_loss_weight=0
  train_diffusion_connector=0
  eval_limit=1000
  max_eval_per_property_count=0
  run_materialized_benchmark=0
{"cuda_available": true, "cuda_device_count": 1, "cuda_device_name": "NVIDIA H100 80GB HBM3 MIG 2g.20gb", "device": "cuda", "event": "device", "torch_version": "2.12.0"}
{"diffusion_loss": 0.5276015006005764, "diffusion_target_mae": 0.3474294915795326, "epoch": 1, "prior_mse": 0.670915487408638, "train_loss": 0.5276015006005764}
{"diffusion_loss": 0.3230580762028694, "diffusion_target_mae": 0.3474207494407892, "epoch": 2, "prior_mse": 0.6708829678595066, "train_loss": 0.3230580762028694}
{"diffusion_loss": 0.2510181048884988, "diffusion_target_mae": 0.34734018370509145, "epoch": 3, "prior_mse": 0.6707280859351158, "train_loss": 0.2510181048884988}
{"diffusion_loss": 0.21260614097118377, "diffusion_target_mae": 0.3473116185516119, "epoch": 4, "prior_mse": 0.6702405609190464, "train_loss": 0.21260614097118377}
{"diffusion_loss": 0.18731425814330577, "diffusion_target_mae": 0.3473097335547209, "epoch": 5, "prior_mse": 0.6706102572381496, "train_loss": 0.18731425814330577}
{"cuda_available": true, "cuda_device_count": 1, "cuda_device_name": "NVIDIA H100 80GB HBM3 MIG 2g.20gb", "device": "cuda", "event": "device", "torch_version": "2.12.0"}
{
  "batch_size": 512,
  "benchmark_export": {
    "edit_latent_fingerprints": "SketchMol-Unified-3MDiffusion/outputs/unified_generation_3m_sourceaware_followup_v1/hard002_freeze_p000_steps20/eval_latent/edit_latent_fingerprints.npy",
    "edit_latent_predictions": "SketchMol-Unified-3MDiffusion/outputs/unified_generation_3m_sourceaware_followup_v1/hard002_freeze_p000_steps20/eval_latent/edit_latent_predictions.npy",
    "fingerprint_dim": 512,
    "index_csv": "SketchMol-Unified-3MDiffusion/outputs/unified_generation_3m_sourceaware_followup_v1/hard002_freeze_p000_steps20/eval_latent/index.csv",
    "rows": 1000,
    "variant": "full"
  },
  "by_property_count": {
    "2": {
      "delta_mae": 1.9101965846007607,
      "generated_minus_prior_latent_mae": 0.07854991004499326,
      "latent_mae": 0.23690553248886123,
      "latent_mse": 5.364918014274005,
      "prior_delta_mae": 2.3425725565318123,
      "prior_latent_mae": 0.23254718191652413,
      "prior_target_fingerprint_cosine": 0.4629095342933665,
      "prior_target_property_mae": 7.661437064409256,
      "rows": 498.0,
      "source_fingerprint_cosine": 0.4231212126700987,
      "source_target_fingerprint_cosine": 0.8022456000782916,
      "source_target_property_mae": 6.295815136657661,
      "target_fingerprint_cosine": 0.43870417856468286,
      "target_property_mae": 8.121751202995997
    },
    "3": {
      "delta_mae": 2.101398934429813,
      "generated_minus_prior_latent_mae": 0.0755278622591684,
      "latent_mae": 0.25995078146928857,
      "latent_mse": 8.108182508778196,
      "prior_delta_mae": 2.440478888542756,
      "prior_latent_mae": 0.2519827801955076,
      "prior_target_fingerprint_cosine": 0.4610971400369699,
      "prior_target_property_mae": 8.767594982984038,
      "rows": 253.0,
      "source_fingerprint_cosine": 0.4272028942397998,
      "source_target_fingerprint_cosine": 0.8170229704292759,
      "source_target_property_mae": 7.784621986004675,
      "target_fingerprint_cosine": 0.4389485252327352,
      "target_property_mae": 9.442486727190584
    },
    "4": {
      "delta_mae": 2.1907902010907865,
      "generated_minus_prior_latent_mae": 0.07872665216763543,
      "latent_mae": 0.2501752052507172,
      "latent_mse": 6.707269633214359,
      "prior_delta_mae": 2.3237349109290397,
      "prior_latent_mae": 0.23997912617170647,
      "prior_target_fingerprint_cosine": 0.46415101886113114,
      "prior_target_property_mae": 8.119098451039562,
      "rows": 146.0,
      "source_fingerprint_cosine": 0.4159048284390852,
      "source_target_fingerprint_cosine": 0.7768574407416308,
      "source_target_property_mae": 10.190626446514914,
      "target_fingerprint_cosine": 0.43654037393060335,
      "target_property_mae": 8.737258698025794
    },
    "5": {
      "delta_mae": 2.281648504645077,
      "generated_minus_prior_latent_mae": 0.07508529127756161,
      "latent_mae": 0.2597561285122117,
      "latent_mse": 7.409011308048198,
      "prior_delta_mae": 2.423950164175745,
      "prior_latent_mae": 0.25222194283755855,
      "prior_target_fingerprint_cosine": 0.4561159972081625,
      "prior_target_property_mae": 9.03651226100637,
      "rows": 67.0,
      "source_fingerprint_cosine": 0.39854053709017,
      "source_target_fingerprint_cosine": 0.779614618018377,
      "source_target_property_mae": 11.669823347632565,
      "target_fingerprint_cosine": 0.42255733960982,
      "target_property_mae": 9.279357225147645
    },
    "6": {
      "delta_mae": 2.2420763735260283,
      "generated_minus_prior_latent_mae": 0.08592342385756117,
      "latent_mae": 0.24832329632980482,
      "latent_mse": 6.105199288576841,
      "prior_delta_mae": 2.4833197998149052,
      "prior_latent_mae": 0.24112516748053686,
      "prior_target_fingerprint_cosine": 0.4788994971763758,
      "prior_target_property_mae": 8.394980079361371,
      "rows": 28.0,
      "source_fingerprint_cosine": 0.44471796225080684,
      "source_target_fingerprint_cosine": 0.7534925484050908,
      "source_target_property_mae": 14.90597663606916,
      "target_fingerprint_cosine": 0.44888719566934354,
      "target_property_mae": 8.852278824363436
    },
    "7": {
      "delta_mae": 1.7424030154943466,
      "generated_minus_prior_latent_mae": 0.0760920369066298,
      "latent_mae": 0.15229847095906734,
      "latent_mse": 0.8129944503307343,
      "prior_delta_mae": 1.3553311973810196,
      "prior_latent_mae": 0.1540093533694744,
      "prior_target_fingerprint_cosine": 0.4459641866891775,
      "prior_target_property_mae": 4.00287438929081,
      "rows": 8.0,
      "source_fingerprint_cosine": 0.3843031076792721,
      "source_target_fingerprint_cosine": 0.7196860976511666,
      "source_target_property_mae": 13.784869194030762,
      "target_fingerprint_cosine": 0.40149394580286435,
      "target_property_mae": 2.8649739176034927
    }
  },
  "by_source_similarity_bin": {
    "easy_high_similarity": {
      "delta_mae": 1.9341935674133508,
      "generated_minus_prior_latent_mae": 0.07569753539698999,
      "latent_mae": 0.25444109347347477,
      "latent_mse": 7.582664529824458,
      "prior_delta_mae": 2.383394932869264,
      "prior_latent_mae": 0.24816376114813027,
      "prior_target_fingerprint_cosine": 0.4703511385140268,
      "prior_target_property_mae": 8.572502171935666,
      "rows": 414.0,
      "source_fingerprint_cosine": 0.4241494130131633,
      "source_target_fingerprint_cosine": 0.8694197459867351,
      "source_target_property_mae": 6.762187095655912,
      "target_fingerprint_cosine": 0.44020852697681045,
      "target_property_mae": 9.12594009331171
    },
    "hard_similarity": {
      "delta_mae": 1.9007077342658132,
      "generated_minus_prior_latent_mae": 0.08290689852502611,
      "latent_mae": 0.20249572886085068,
      "latent_mse": 2.7885906868786723,
      "prior_delta_mae": 2.14296823795195,
      "prior_latent_mae": 0.1954031513520965,
      "prior_target_fingerprint_cosine": 0.43415138134409886,
      "prior_target_property_mae": 5.669611917049797,
      "rows": 108.0,
      "source_fingerprint_cosine": 0.38500460102635553,
      "source_target_fingerprint_cosine": 0.6483491561457493,
      "source_target_property_mae": 10.273549172613356,
      "target_fingerprint_cosine": 0.40282892517496727,
      "target_property_mae": 5.921456872589058
    },
    "medium_similarity": {
      "delta_mae": 2.1471599144042783,
      "generated_minus_prior_latent_mae": 0.07839555973693665,
      "latent_mae": 0.24819881196239005,
      "latent_mse": 6.1418893223230935,
      "prior_delta_mae": 2.401510004219151,
      "prior_latent_mae": 0.24191674608815164,
      "prior_target_fingerprint_cosine": 0.46208268610586634,
      "prior_target_property_mae": 8.222134592518149,
      "rows": 478.0,
      "source_fingerprint_cosine": 0.42796901881942917,
      "source_target_fingerprint_cosine": 0.7714943149527365,
      "source_target_property_mae": 8.353749910283787,
      "target_fingerprint_cosine": 0.44268584333616867,
      "target_property_mae": 8.753274064059038
    }
  },
  "condition_connector": "SketchMol-Unified-3MDiffusion/outputs/unified_generation_3m_sourceaware_sweep_v2/hard002_head/edit_condition_tokens/edit_condition_connector.pt",
  "connector_source": "condition_connector.model_state",
  "device": {
    "cuda_available": true,
    "cuda_device_count": 1,
    "cuda_device_name": "NVIDIA H100 80GB HBM3 MIG 2g.20gb",
    "device": "cuda",
    "torch_version": "2.12.0"
  },
  "diffusion_checkpoint": "SketchMol-Unified-3MDiffusion/outputs/unified_generation_3m_sourceaware_followup_v1/hard002_freeze_p000_steps20/latent_diffusion/latent_diffusion_generation.pt",
  "diffusion_objective": "pred_x0",
  "diffusion_target": "residual",
  "eval_jsonl": "SketchMol-Unified-3MDiffusion/outputs/unified_generation_3m_sourceaware_sweep_v2/hard002_head/dataset/unified_condition_eval.jsonl",
  "fingerprint_dim": 512,
  "latent_block_summary": {
    "active": {
      "generated_prior_mae": 0.03140762075781822,
      "generated_target_mae": 0.3129677176475525,
      "prior_target_mae": 0.3107817471027374,
      "source_target_mae": 0.0
    },
    "deltas": {
      "generated_prior_mae": 1.3139867782592773,
      "generated_target_mae": 2.0323750972747803,
      "prior_target_mae": 2.3660879135131836,
      "source_target_mae": 0.0
    },
    "fingerprint": {
      "generated_prior_mae": 0.04205375909805298,
      "generated_target_mae": 0.1345939189195633,
      "prior_target_mae": 0.12967424094676971,
      "source_target_mae": 0.03497656434774399
    },
    "properties": {
      "generated_prior_mae": 2.1554384231567383,
      "generated_target_mae": 8.60172176361084,
      "prior_target_mae": 8.091514587402344,
      "source_target_mae": 7.902181148529053
    }
  },
  "max_eval_per_property_count": 0,
  "output_dir": "SketchMol-Unified-3MDiffusion/outputs/unified_generation_3m_sourceaware_followup_v1/hard002_freeze_p000_steps20/eval_latent",
  "overall": {
    "delta_mae": 2.03237501129508,
    "generated_minus_prior_latent_mae": 0.0777658022493124,
    "latent_mae": 0.24584718353301288,
    "latent_mse": 6.376214005600661,
    "prior_delta_mae": 2.36608785392344,
    "prior_latent_mae": 0.23947954209148883,
    "prior_target_fingerprint_cosine": 0.4624892444885739,
    "prior_target_property_mae": 8.091514321446418,
    "rows": 1000.0,
    "source_fingerprint_cosine": 0.4217475448939831,
    "source_target_fingerprint_cosine": 0.7987357662496573,
    "source_target_property_mae": 7.90218122535944,
    "target_fingerprint_cosine": 0.4373556872019846,
    "target_property_mae": 8.601721543490887
  },
  "rows": 1000,
  "sample_eta": 0.0,
  "sample_steps": 20,
  "seed": 14
}
Unified diffusion refine finished:
  diffusion=SketchMol-Unified-3MDiffusion/outputs/unified_generation_3m_sourceaware_followup_v1/hard002_freeze_p000_steps20/latent_diffusion/latent_diffusion_generation.pt
  eval=SketchMol-Unified-3MDiffusion/outputs/unified_generation_3m_sourceaware_followup_v1/hard002_freeze_p000_steps20/eval_latent/metrics.json
