source-aware follow-up diffusion task: hard002_joint_p050_steps20
  base_output_dir=SketchMol-Unified-3MDiffusion/outputs/unified_generation_3m_sourceaware_sweep_v2/hard002_head
  prior_loss_weight=0.5
  train_diffusion_connector=1
  sample_steps=20
  extra_epochs=20
  output_dir=SketchMol-Unified-3MDiffusion/outputs/unified_generation_3m_sourceaware_followup_v1/hard002_joint_p050_steps20
Running Unified 3M Stage 3 diffusion refine
  python=/home/bdong/.venvs/molscribe_overlay/bin/python
  output_dir=SketchMol-Unified-3MDiffusion/outputs/unified_generation_3m_sourceaware_sweep_v2/hard002_head
  diffusion_dir=SketchMol-Unified-3MDiffusion/outputs/unified_generation_3m_sourceaware_followup_v1/hard002_joint_p050_steps20/latent_diffusion
  base_diffusion_dir=SketchMol-Unified-3MDiffusion/outputs/unified_generation_3m_sourceaware_sweep_v2/hard002_head/latent_diffusion
  resume_diffusion_checkpoint=
  diffusion_epochs=20
  diffusion_extra_epochs=20
  diffusion_lr=1e-3
  diffusion_seed=13
  eval_seed=14
  prior_loss_weight=0.5
  train_diffusion_connector=1
  eval_limit=1000
  max_eval_per_property_count=0
  run_materialized_benchmark=0
{"cuda_available": true, "cuda_device_count": 1, "cuda_device_name": "NVIDIA H100 80GB HBM3 MIG 2g.20gb", "device": "cuda", "event": "device", "torch_version": "2.12.0"}
{"diffusion_loss": 0.5154920727014541, "diffusion_target_mae": 0.310135181248188, "epoch": 1, "prior_mse": 0.6096748672425747, "train_loss": 0.8203295044600963}
{"diffusion_loss": 0.3028976494446397, "diffusion_target_mae": 0.2599189342930913, "epoch": 2, "prior_mse": 0.5233952667564153, "train_loss": 0.5645952805876732}
{"diffusion_loss": 0.22291441708803178, "diffusion_target_mae": 0.23397973068058492, "epoch": 3, "prior_mse": 0.47305540069937707, "train_loss": 0.4594421163201332}
{"diffusion_loss": 0.18305869083851575, "diffusion_target_mae": 0.21367437355220317, "epoch": 4, "prior_mse": 0.433362840116024, "train_loss": 0.3997401114553213}
{"diffusion_loss": 0.1579898813739419, "diffusion_target_mae": 0.20083415396511556, "epoch": 5, "prior_mse": 0.40764349661767485, "train_loss": 0.36181163005530836}
{"diffusion_loss": 0.14633271247148513, "diffusion_target_mae": 0.18789880070835352, "epoch": 6, "prior_mse": 0.38380998745560646, "train_loss": 0.33823770470917225}
{"diffusion_loss": 0.13090983517467975, "diffusion_target_mae": 0.17455085422843694, "epoch": 7, "prior_mse": 0.35841304138302804, "train_loss": 0.3101163562387228}
{"diffusion_loss": 0.1204048397950828, "diffusion_target_mae": 0.16372466627508403, "epoch": 8, "prior_mse": 0.337814187631011, "train_loss": 0.2893119338899851}
{"diffusion_loss": 0.10962961055338383, "diffusion_target_mae": 0.15327885933220387, "epoch": 9, "prior_mse": 0.316505017131567, "train_loss": 0.2678821163251996}
{"diffusion_loss": 0.1026030832901597, "diffusion_target_mae": 0.14473888091742992, "epoch": 10, "prior_mse": 0.3011048372834921, "train_loss": 0.2531555024906993}
{"diffusion_loss": 0.09337901649996638, "diffusion_target_mae": 0.1369659611955285, "epoch": 11, "prior_mse": 0.28488354608416555, "train_loss": 0.23582078963518144}
{"diffusion_loss": 0.08982934365049004, "diffusion_target_mae": 0.13116828724741936, "epoch": 12, "prior_mse": 0.27377825118601323, "train_loss": 0.22671846952289343}
{"diffusion_loss": 0.08365084230899811, "diffusion_target_mae": 0.12529040966182947, "epoch": 13, "prior_mse": 0.26209909953176974, "train_loss": 0.21470039151608944}
{"diffusion_loss": 0.07843764005228877, "diffusion_target_mae": 0.11988991973921656, "epoch": 14, "prior_mse": 0.25192183069884777, "train_loss": 0.20439855605363846}
{"diffusion_loss": 0.07471583532169461, "diffusion_target_mae": 0.11535696415230631, "epoch": 15, "prior_mse": 0.24291279930621384, "train_loss": 0.19617223497480155}
{"diffusion_loss": 0.0698660284280777, "diffusion_target_mae": 0.11095492420718074, "epoch": 16, "prior_mse": 0.2335008852183819, "train_loss": 0.18661647159606218}
{"diffusion_loss": 0.06741052540019155, "diffusion_target_mae": 0.1074441285803914, "epoch": 17, "prior_mse": 0.22727951873093843, "train_loss": 0.18105028569698334}
{"diffusion_loss": 0.06426150370389223, "diffusion_target_mae": 0.10392674189060927, "epoch": 18, "prior_mse": 0.2202600257471204, "train_loss": 0.17439151722937823}
{"diffusion_loss": 0.06190741104073823, "diffusion_target_mae": 0.1010123529471457, "epoch": 19, "prior_mse": 0.214760984107852, "train_loss": 0.16928790397942067}
{"diffusion_loss": 0.05972829293459654, "diffusion_target_mae": 0.09841421125456691, "epoch": 20, "prior_mse": 0.20961492490023376, "train_loss": 0.16453575473278761}
{"cuda_available": true, "cuda_device_count": 1, "cuda_device_name": "NVIDIA H100 80GB HBM3 MIG 2g.20gb", "device": "cuda", "event": "device", "torch_version": "2.12.0"}
{
  "batch_size": 512,
  "benchmark_export": {
    "edit_latent_fingerprints": "SketchMol-Unified-3MDiffusion/outputs/unified_generation_3m_sourceaware_followup_v1/hard002_joint_p050_steps20/eval_latent/edit_latent_fingerprints.npy",
    "edit_latent_predictions": "SketchMol-Unified-3MDiffusion/outputs/unified_generation_3m_sourceaware_followup_v1/hard002_joint_p050_steps20/eval_latent/edit_latent_predictions.npy",
    "fingerprint_dim": 512,
    "index_csv": "SketchMol-Unified-3MDiffusion/outputs/unified_generation_3m_sourceaware_followup_v1/hard002_joint_p050_steps20/eval_latent/index.csv",
    "rows": 1000,
    "variant": "full"
  },
  "by_property_count": {
    "2": {
      "delta_mae": 3.856218064705052,
      "generated_minus_prior_latent_mae": 0.025804282429751503,
      "latent_mae": 0.24174768229325613,
      "latent_mse": 5.826119995679721,
      "prior_delta_mae": 3.8299726767233575,
      "prior_latent_mae": 0.23249315316358724,
      "prior_target_fingerprint_cosine": 0.3877374859899489,
      "prior_target_property_mae": 7.510702890684327,
      "rows": 498.0,
      "source_fingerprint_cosine": 0.3710771269329789,
      "source_target_fingerprint_cosine": 0.8022456000782916,
      "source_target_property_mae": 6.295815136657661,
      "target_fingerprint_cosine": 0.38281571805337916,
      "target_property_mae": 7.626611053405038
    },
    "3": {
      "delta_mae": 4.131402807744595,
      "generated_minus_prior_latent_mae": 0.025544262152503838,
      "latent_mae": 0.25745830048803287,
      "latent_mse": 7.989495068494039,
      "prior_delta_mae": 4.05794305763697,
      "prior_latent_mae": 0.24761260112401526,
      "prior_target_fingerprint_cosine": 0.3915657486607547,
      "prior_target_property_mae": 8.226443185518853,
      "rows": 253.0,
      "source_fingerprint_cosine": 0.3777565661885094,
      "source_target_fingerprint_cosine": 0.8170229704292759,
      "source_target_property_mae": 7.784621986004675,
      "target_fingerprint_cosine": 0.3873854293186328,
      "target_property_mae": 8.357865199741168
    },
    "4": {
      "delta_mae": 4.202957324377478,
      "generated_minus_prior_latent_mae": 0.02269883356248475,
      "latent_mae": 0.24670343575616405,
      "latent_mse": 6.996018838290483,
      "prior_delta_mae": 4.157141957789252,
      "prior_latent_mae": 0.2390035424024275,
      "prior_target_fingerprint_cosine": 0.4007375493363651,
      "prior_target_property_mae": 7.894323482497097,
      "rows": 146.0,
      "source_fingerprint_cosine": 0.37909101865130274,
      "source_target_fingerprint_cosine": 0.7768574407416308,
      "source_target_property_mae": 10.190626446514914,
      "target_fingerprint_cosine": 0.399314318915724,
      "target_property_mae": 7.932017695822128
    },
    "5": {
      "delta_mae": 4.634103939604404,
      "generated_minus_prior_latent_mae": 0.022132651727479784,
      "latent_mae": 0.2580335255879075,
      "latent_mse": 7.959731801232295,
      "prior_delta_mae": 4.599461515892798,
      "prior_latent_mae": 0.2512921835504361,
      "prior_target_fingerprint_cosine": 0.413945780046683,
      "prior_target_property_mae": 8.56530353827263,
      "rows": 67.0,
      "source_fingerprint_cosine": 0.3819297961737235,
      "source_target_fingerprint_cosine": 0.779614618018377,
      "source_target_property_mae": 11.669823347632565,
      "target_fingerprint_cosine": 0.4117795261038539,
      "target_property_mae": 8.489847583557243
    },
    "6": {
      "delta_mae": 4.471958373274122,
      "generated_minus_prior_latent_mae": 0.020129626117912785,
      "latent_mae": 0.2626248135098389,
      "latent_mse": 10.020431078970432,
      "prior_delta_mae": 4.379521480628422,
      "prior_latent_mae": 0.2565916249794619,
      "prior_target_fingerprint_cosine": 0.4266652818181596,
      "prior_target_property_mae": 9.599443776266915,
      "rows": 28.0,
      "source_fingerprint_cosine": 0.4172312341478106,
      "source_target_fingerprint_cosine": 0.7534925484050908,
      "source_target_property_mae": 14.90597663606916,
      "target_fingerprint_cosine": 0.42666805980503447,
      "target_property_mae": 9.586777274097715
    },
    "7": {
      "delta_mae": 3.165447026491165,
      "generated_minus_prior_latent_mae": 0.022264813305810094,
      "latent_mae": 0.23289779946208,
      "latent_mse": 5.6031157076358795,
      "prior_delta_mae": 3.1067121028900146,
      "prior_latent_mae": 0.2327308002859354,
      "prior_target_fingerprint_cosine": 0.4350965319493294,
      "prior_target_property_mae": 10.334915697574615,
      "rows": 8.0,
      "source_fingerprint_cosine": 0.3922917468298047,
      "source_target_fingerprint_cosine": 0.7196860976511666,
      "source_target_property_mae": 13.784869194030762,
      "target_fingerprint_cosine": 0.42066716721692743,
      "target_property_mae": 9.673811376094818
    }
  },
  "by_source_similarity_bin": {
    "easy_high_similarity": {
      "delta_mae": 3.9365414102440295,
      "generated_minus_prior_latent_mae": 0.026310818227106965,
      "latent_mae": 0.25677749142050743,
      "latent_mse": 7.430435655305639,
      "prior_delta_mae": 3.8744557586269104,
      "prior_latent_mae": 0.24623578947019462,
      "prior_target_fingerprint_cosine": 0.38590677048777355,
      "prior_target_property_mae": 8.08379992324373,
      "rows": 414.0,
      "source_fingerprint_cosine": 0.36740883176883593,
      "source_target_fingerprint_cosine": 0.8694197459867351,
      "source_target_property_mae": 6.762187095655912,
      "target_fingerprint_cosine": 0.3833824409033188,
      "target_property_mae": 8.28742564768319
    },
    "hard_similarity": {
      "delta_mae": 3.83628497907409,
      "generated_minus_prior_latent_mae": 0.02535928723712762,
      "latent_mae": 0.21786414383462183,
      "latent_mse": 4.495256288735955,
      "prior_delta_mae": 3.840570252802637,
      "prior_latent_mae": 0.21022843196988106,
      "prior_target_fingerprint_cosine": 0.4007702765344329,
      "prior_target_property_mae": 6.902586780212544,
      "rows": 108.0,
      "source_fingerprint_cosine": 0.3806149048736657,
      "source_target_fingerprint_cosine": 0.6483491561457493,
      "source_target_property_mae": 10.273549172613356,
      "target_fingerprint_cosine": 0.39551137332226766,
      "target_property_mae": 6.841020520086642
    },
    "medium_similarity": {
      "delta_mae": 4.176254663133222,
      "generated_minus_prior_latent_mae": 0.023473670733430145,
      "latent_mae": 0.24731320466955337,
      "latent_mse": 6.780710767034956,
      "prior_delta_mae": 4.13758715669231,
      "prior_latent_mae": 0.23966275367527326,
      "prior_target_fingerprint_cosine": 0.3991218811699763,
      "prior_target_property_mae": 7.96518397873665,
      "rows": 478.0,
      "source_fingerprint_cosine": 0.38266223426186025,
      "source_target_fingerprint_cosine": 0.7714943149527365,
      "source_target_property_mae": 8.353749910283787,
      "target_fingerprint_cosine": 0.3941764522559589,
      "target_property_mae": 7.982180736803111
    }
  },
  "condition_connector": "SketchMol-Unified-3MDiffusion/outputs/unified_generation_3m_sourceaware_sweep_v2/hard002_head/edit_condition_tokens/edit_condition_connector.pt",
  "connector_source": "diffusion_checkpoint.connector_state",
  "device": {
    "cuda_available": true,
    "cuda_device_count": 1,
    "cuda_device_name": "NVIDIA H100 80GB HBM3 MIG 2g.20gb",
    "device": "cuda",
    "torch_version": "2.12.0"
  },
  "diffusion_checkpoint": "SketchMol-Unified-3MDiffusion/outputs/unified_generation_3m_sourceaware_followup_v1/hard002_joint_p050_steps20/latent_diffusion/latent_diffusion_generation.pt",
  "diffusion_objective": "pred_x0",
  "diffusion_target": "residual",
  "eval_jsonl": "SketchMol-Unified-3MDiffusion/outputs/unified_generation_3m_sourceaware_sweep_v2/hard002_head/dataset/unified_condition_eval.jsonl",
  "fingerprint_dim": 512,
  "latent_block_summary": {
    "active": {
      "generated_prior_mae": 0.034914396703243256,
      "generated_target_mae": 0.357201486825943,
      "prior_target_mae": 0.3576512634754181,
      "source_target_mae": 0.0
    },
    "deltas": {
      "generated_prior_mae": 0.28913047909736633,
      "generated_target_mae": 4.040297031402588,
      "prior_target_mae": 3.9965732097625732,
      "source_target_mae": 0.0
    },
    "fingerprint": {
      "generated_prior_mae": 0.014835754409432411,
      "generated_target_mae": 0.11751271039247513,
      "prior_target_mae": 0.10904910415410995,
      "source_target_mae": 0.03497656434774399
    },
    "properties": {
      "generated_prior_mae": 0.6925860643386841,
      "generated_target_mae": 7.985306739807129,
      "prior_target_mae": 7.89953088760376,
      "source_target_mae": 7.902181148529053
    }
  },
  "max_eval_per_property_count": 0,
  "output_dir": "SketchMol-Unified-3MDiffusion/outputs/unified_generation_3m_sourceaware_followup_v1/hard002_joint_p050_steps20/eval_latent",
  "overall": {
    "delta_mae": 4.04029665055871,
    "generated_minus_prior_latent_mae": 0.024851896378211676,
    "latent_mae": 0.24805092081427574,
    "latent_mse": 6.802867787122726,
    "prior_delta_mae": 3.9965729322731494,
    "prior_latent_mae": 0.23920508375018834,
    "prior_target_fingerprint_cosine": 0.3938288520469057,
    "prior_target_property_mae": 7.899530482321977,
    "rows": 1000.0,
    "source_fingerprint_cosine": 0.3761262140558232,
    "source_target_fingerprint_cosine": 0.7987357662496573,
    "source_target_property_mae": 7.90218122535944,
    "target_fingerprint_cosine": 0.3898519030311272,
    "target_property_mae": 7.985306826502085
  },
  "rows": 1000,
  "sample_eta": 0.0,
  "sample_steps": 20,
  "seed": 14
}
Unified diffusion refine finished:
  diffusion=SketchMol-Unified-3MDiffusion/outputs/unified_generation_3m_sourceaware_followup_v1/hard002_joint_p050_steps20/latent_diffusion/latent_diffusion_generation.pt
  eval=SketchMol-Unified-3MDiffusion/outputs/unified_generation_3m_sourceaware_followup_v1/hard002_joint_p050_steps20/eval_latent/metrics.json
