SUCC OCR benchmark rerun
  python=/home/bdong/.venvs/molscribe_overlay/bin/python
  molscribe_workdir=Research/Molecule Generation/SketchMol/SketchMol-v1-main/evaluate
  onmt_overlay=/scratch/bdong/python_overlays/onmt220
  run_dir=SketchMol-Understanding-Condition/outputs/univideo_molecule_generation_v2_residual_ink
  image_csv=SketchMol-Understanding-Condition/outputs/univideo_molecule_generation_v2_residual_ink/univideo_molecule/image_structure_benchmark/image_path.csv
  benchmark_dir=SketchMol-Understanding-Condition/outputs/univideo_molecule_generation_v2_residual_ink/univideo_molecule/image_structure_benchmark
  molscribe_model=/scratch/bdong/checkpoints/molscribe/swin_base_char_aux_200k.pth
  molscribe_backend=custom
  molscribe_runner=wrapper
  molscribe_batch_size=16
  molscribe_device=cuda
  preprocess_images=0
  raw_smiles_fallback=1
/scratch/bdong/python_overlays/onmt220/onmt/modules/sparse_activations.py:47: FutureWarning: `torch.cuda.amp.custom_fwd(args...)` is deprecated. Please use `torch.amp.custom_fwd(args..., device_type='cuda')` instead.
  @custom_fwd
/scratch/bdong/python_overlays/onmt220/onmt/modules/sparse_activations.py:67: FutureWarning: `torch.cuda.amp.custom_bwd(args...)` is deprecated. Please use `torch.amp.custom_bwd(args..., device_type='cuda')` instead.
  @custom_bwd
/scratch/bdong/python_overlays/onmt220/onmt/modules/sparse_losses.py:12: FutureWarning: `torch.cuda.amp.custom_fwd(args...)` is deprecated. Please use `torch.amp.custom_fwd(args..., device_type='cuda')` instead.
  @custom_fwd
/scratch/bdong/python_overlays/onmt220/onmt/modules/sparse_losses.py:36: FutureWarning: `torch.cuda.amp.custom_bwd(args...)` is deprecated. Please use `torch.amp.custom_bwd(args..., device_type='cuda')` instead.
  @custom_bwd
molscribe import ok (/scratch/bdong/projects/Diffusion-Molecule/Research/Molecule Generation/SketchMol/SketchMol-v1-main/evaluate/molscribe/__init__.py)
onmt import ok (/scratch/bdong/python_overlays/onmt220/onmt/__init__.py)
molscribe_workdir=Research/Molecule Generation/SketchMol/SketchMol-v1-main/evaluate
onmt_overlay=/scratch/bdong/python_overlays/onmt220
Running MolScribe OCR
/scratch/bdong/python_overlays/onmt220/onmt/modules/sparse_activations.py:47: FutureWarning: `torch.cuda.amp.custom_fwd(args...)` is deprecated. Please use `torch.amp.custom_fwd(args..., device_type='cuda')` instead.
  @custom_fwd
/scratch/bdong/python_overlays/onmt220/onmt/modules/sparse_activations.py:67: FutureWarning: `torch.cuda.amp.custom_bwd(args...)` is deprecated. Please use `torch.amp.custom_bwd(args..., device_type='cuda')` instead.
  @custom_bwd
/scratch/bdong/python_overlays/onmt220/onmt/modules/sparse_losses.py:12: FutureWarning: `torch.cuda.amp.custom_fwd(args...)` is deprecated. Please use `torch.amp.custom_fwd(args..., device_type='cuda')` instead.
  @custom_fwd
/scratch/bdong/python_overlays/onmt220/onmt/modules/sparse_losses.py:36: FutureWarning: `torch.cuda.amp.custom_bwd(args...)` is deprecated. Please use `torch.amp.custom_bwd(args..., device_type='cuda')` instead.
  @custom_bwd
Using SketchMol MolScribe from Research/Molecule Generation/SketchMol/SketchMol-v1-main/evaluate
/scratch/bdong/venvs/phystabmol/lib/python3.11/site-packages/torch/functional.py:505: UserWarning: torch.meshgrid: in an upcoming release, it will be required to pass the indexing argument. (Triggered internally at /tmp/build_wheels_tmp.20690/python-3.11/torch/aten/src/ATen/native/TensorShape.cpp:4382.)
  return _VF.meshgrid(tensors, **kwargs)  # type: ignore[attr-defined]
/scratch/bdong/venvs/phystabmol/lib/python3.11/site-packages/torch/_dynamo/eval_frame.py:1298: UserWarning: torch.utils.checkpoint: the use_reentrant parameter should be passed explicitly. Starting in PyTorch 2.9, calling checkpoint without use_reentrant will raise an exception. use_reentrant=False is recommended, but if you need to preserve the current default behavior, you can pass use_reentrant=True. Refer to docs for more details on the differences between the two variants.
  return fn(*args, **kwargs)
/scratch/bdong/venvs/phystabmol/lib/python3.11/site-packages/torch/utils/checkpoint.py:238: UserWarning: None of the inputs have requires_grad=True. Gradients will be None
  check_backward_validity(args)
save to SketchMol-Understanding-Condition/outputs/univideo_molecule_generation_v2_residual_ink/univideo_molecule/image_structure_benchmark/image_path.csv
done
Running MolScribe diagnostic
/scratch/bdong/python_overlays/onmt220/onmt/modules/sparse_activations.py:47: FutureWarning: `torch.cuda.amp.custom_fwd(args...)` is deprecated. Please use `torch.amp.custom_fwd(args..., device_type='cuda')` instead.
  @custom_fwd
/scratch/bdong/python_overlays/onmt220/onmt/modules/sparse_activations.py:67: FutureWarning: `torch.cuda.amp.custom_bwd(args...)` is deprecated. Please use `torch.amp.custom_bwd(args..., device_type='cuda')` instead.
  @custom_bwd
/scratch/bdong/python_overlays/onmt220/onmt/modules/sparse_losses.py:12: FutureWarning: `torch.cuda.amp.custom_fwd(args...)` is deprecated. Please use `torch.amp.custom_fwd(args..., device_type='cuda')` instead.
  @custom_fwd
/scratch/bdong/python_overlays/onmt220/onmt/modules/sparse_losses.py:36: FutureWarning: `torch.cuda.amp.custom_bwd(args...)` is deprecated. Please use `torch.amp.custom_bwd(args..., device_type='cuda')` instead.
  @custom_bwd
Using SketchMol MolScribe from Research/Molecule Generation/SketchMol/SketchMol-v1-main/evaluate
/scratch/bdong/venvs/phystabmol/lib/python3.11/site-packages/torch/functional.py:505: UserWarning: torch.meshgrid: in an upcoming release, it will be required to pass the indexing argument. (Triggered internally at /tmp/build_wheels_tmp.20690/python-3.11/torch/aten/src/ATen/native/TensorShape.cpp:4382.)
  return _VF.meshgrid(tensors, **kwargs)  # type: ignore[attr-defined]
Evaluating cohort: rdkit_source (128 images)
/scratch/bdong/venvs/phystabmol/lib/python3.11/site-packages/torch/_dynamo/eval_frame.py:1298: UserWarning: torch.utils.checkpoint: the use_reentrant parameter should be passed explicitly. Starting in PyTorch 2.9, calling checkpoint without use_reentrant will raise an exception. use_reentrant=False is recommended, but if you need to preserve the current default behavior, you can pass use_reentrant=True. Refer to docs for more details on the differences between the two variants.
  return fn(*args, **kwargs)
/scratch/bdong/venvs/phystabmol/lib/python3.11/site-packages/torch/utils/checkpoint.py:238: UserWarning: None of the inputs have requires_grad=True. Gradients will be None
  check_backward_validity(args)
Evaluating cohort: rdkit_target (128 images)
Evaluating cohort: source_oracle (128 images)
Evaluating cohort: target_oracle (128 images)
Evaluating cohort: generated (128 images)
{
  "report": "SketchMol-Understanding-Condition/outputs/univideo_molecule_generation_v2_residual_ink/univideo_molecule/image_structure_benchmark/molscribe_diagnostic.md",
  "json": "SketchMol-Understanding-Condition/outputs/univideo_molecule_generation_v2_residual_ink/univideo_molecule/image_structure_benchmark/molscribe_diagnostic.json"
}
Running image-to-structure benchmark
{
  "decoded_csv": "SketchMol-Understanding-Condition/outputs/univideo_molecule_generation_v2_residual_ink/univideo_molecule/image_structure_benchmark/benchmark_decoded.csv",
  "image_csv": "SketchMol-Understanding-Condition/outputs/univideo_molecule_generation_v2_residual_ink/univideo_molecule/image_structure_benchmark/image_path.csv",
  "method": "univideo_image_vae",
  "output_dir": "SketchMol-Understanding-Condition/outputs/univideo_molecule_generation_v2_residual_ink/univideo_molecule/image_structure_benchmark",
  "report": "SketchMol-Understanding-Condition/outputs/univideo_molecule_generation_v2_residual_ink/univideo_molecule/image_structure_benchmark/benchmark_report.md",
  "rows": 1000,
  "source_tanimoto_thresholds": [
    0.4,
    0.6,
    0.8
  ],
  "summary_csv": "SketchMol-Understanding-Condition/outputs/univideo_molecule_generation_v2_residual_ink/univideo_molecule/image_structure_benchmark/benchmark_summary.csv"
}

SUCC OCR benchmark finished:
  image_csv=SketchMol-Understanding-Condition/outputs/univideo_molecule_generation_v2_residual_ink/univideo_molecule/image_structure_benchmark/image_path.csv
  diagnostic=SketchMol-Understanding-Condition/outputs/univideo_molecule_generation_v2_residual_ink/univideo_molecule/image_structure_benchmark/molscribe_diagnostic.md
  report=SketchMol-Understanding-Condition/outputs/univideo_molecule_generation_v2_residual_ink/univideo_molecule/image_structure_benchmark/benchmark_report.md
  summary=SketchMol-Understanding-Condition/outputs/univideo_molecule_generation_v2_residual_ink/univideo_molecule/image_structure_benchmark/benchmark_summary.csv
