warning: skipping missing SketchSMILES run: SketchSMILES/outputs/runs/phase5a6_randomized_smiles_decoder_seed7
warning: skipping missing SketchSMILES run: SketchSMILES/outputs/runs/phase5d_image_fingerprint_decoder_seed7
warning: skipping missing SketchSMILES run: SketchSMILES/outputs/runs/sketchmol_compare_phase5a4_beam32_seed7
warning: skipping missing SketchSMILES run: SketchSMILES/outputs/runs/sketchmol_compare_phase5a4_sample64_seed7
warning: skipping missing SketchSMILES run: SketchSMILES/outputs/runs/sketchmol_compare_phase5a4_large_seed7
warning: skipping missing SketchSMILES run: SketchSMILES/outputs/runs/sketchmol_compare_phase5a6_seed7
warning: skipping missing SketchSMILES run: SketchSMILES/outputs/runs/sketchmol_compare_phase5a6_aug1_seed7
warning: skipping missing SketchSMILES run: SketchSMILES/outputs/runs/sketchmol_compare_phase5a6_aug2_seed7
warning: skipping missing SketchSMILES run: SketchSMILES/outputs/runs/sketchmol_compare_phase5a6_aug4_seed7
warning: skipping missing SketchSMILES run: SketchSMILES/outputs/runs/sketchmol_compare_phase5a6_aug8_seed7
warning: skipping missing SketchSMILES run: SketchSMILES/outputs/runs/sketchmol_compare_phase5d_strong_seed7
warning: skipping missing SketchSMILES run: SketchMolJointDiffusion/outputs/runs/sketchmol_compare_joint_selfies_image_only_seed7
warning: skipping missing SketchSMILES run: SketchMolJointDiffusion/outputs/runs/sketchmol_compare_joint_selfies_light_aux_seed7
warning: skipping missing SketchMol summary: SketchMolBenchmark/outputs/direct_structure_current/benchmark_summary.csv
warning: skipping missing SketchMol summary: SketchMolBenchmark/outputs/understanding_condition_full/benchmark_summary.csv
SketchMolCompare existing-run summary
  python=python3
  output_dir=SketchMolCompare/outputs/comparisons/understanding_contrastive_e12
  inputs=14
[
  {
    "benchmark_label": "",
    "benchmark_task": "image_or_latent_to_smiles",
    "eval_pairs": 10000.0,
    "family": "sketchsmiles_ocr_free",
    "fingerprint_bits": 2048.0,
    "generated_image_fraction": 0.9685748598879104,
    "image_exact_match_fraction": 0.05982641041537508,
    "image_mse_mean": 2108.8044825774227,
    "image_size": 256.0,
    "mean_best_tanimoto": 0.5051845644088485,
    "mean_candidate_count": 4.198859087269816,
    "paired_output_success_fraction": 0.9685748598879104,
    "phase": "phase5a1_oracle_conditioned_learned_smiles_decoder",
    "run_name": "phase5a1_learned_smiles_decoder_seed7",
    "samples_per_condition": 8.0,
    "source_path": "SketchSMILES/outputs/runs/phase5a1_learned_smiles_decoder_seed7/metrics.json",
    "top1_exact_match_fraction": 0.05794635708566853,
    "top1_scaffold_match_fraction": 0.15702562049639712,
    "top1_target_tanimoto": 0.38361217429040545,
    "top1_valid_fraction": 0.9685748598879104,
    "topk_exact_match_fraction": 0.12590072057646118,
    "train_pairs": 40000.0
  },
  {
    "beam_size": 8.0,
    "benchmark_label": "smiles_token",
    "benchmark_task": "image_or_latent_to_smiles",
    "decoding": "beam",
    "eval_pairs": 10000.0,
    "family": "sketchsmiles_ocr_free",
    "fingerprint_bits": 2048.0,
    "generated_image_fraction": 0.9557,
    "image_exact_match_fraction": 0.13801402113633984,
    "image_mse_mean": 1836.02251618868,
    "image_size": 256.0,
    "mean_best_tanimoto": 0.5995220515536773,
    "mean_candidate_count": 5.5488,
    "paired_output_success_fraction": 0.9557,
    "phase": "phase5a2_tokenized_beam_smiles_decoder",
    "run_name": "phase5a2_tokenized_beam_decoder_seed7",
    "samples_per_condition": 8.0,
    "source_path": "SketchSMILES/outputs/runs/phase5a2_tokenized_beam_decoder_seed7/metrics.json",
    "tokenization": "smiles_token",
    "top1_exact_match_fraction": 0.1318,
    "top1_scaffold_match_fraction": 0.2853,
    "top1_target_tanimoto": 0.5090286941913245,
    "top1_valid_fraction": 0.9557,
    "topk_exact_match_fraction": 0.2369,
    "train_pairs": 40000.0
  },
  {
    "beam_size": 16.0,
    "benchmark_label": "transformer",
    "benchmark_task": "image_or_latent_to_smiles",
    "decoding": "beam",
    "eval_pairs": 10000.0,
    "family": "sketchsmiles_ocr_free",
    "fingerprint_bits": 2048.0,
    "generated_image_fraction": 0.9838,
    "image_exact_match_fraction": 0.5302907094937995,
    "image_mse_mean": 889.1333320831186,
    "image_size": 256.0,
    "mean_best_condition_tanimoto": 0.8418652568385702,
    "mean_best_tanimoto": 0.8418652568385702,
    "mean_candidate_count": 9.1787,
    "model_type": "transformer",
    "paired_output_success_fraction": 0.9838,
    "phase": "phase5a4_condition_reranked_transformer_decoder",
    "rerank_mode": "condition_fingerprint",
    "run_name": "phase5a4_reranked_transformer_decoder_seed7",
    "samples_per_condition": 8.0,
    "source_path": "SketchSMILES/outputs/runs/phase5a4_reranked_transformer_decoder_seed7/metrics.json",
    "tokenization": "smiles_token",
    "top1_condition_tanimoto": 0.8418652568385702,
    "top1_exact_match_fraction": 0.521,
    "top1_scaffold_match_fraction": 0.6839,
    "top1_target_tanimoto": 0.8418652568385702,
    "top1_valid_fraction": 0.9838,
    "topk_exact_match_fraction": 0.5749,
    "train_pairs": 40000.0
  },
  {
    "beam_size": 8.0,
    "benchmark_label": "smiles_token",
    "benchmark_task": "image_or_latent_to_smiles",
    "decoding": "beam",
    "eval_pairs": 10000.0,
    "family": "sketchsmiles_ocr_free",
    "generated_image_fraction": 0.9917,
    "image_exact_match_fraction": 0.0,
    "image_mse_mean": 2475.037443863083,
    "image_size": 128.0,
    "mean_best_tanimoto": 0.5745069419038529,
    "mean_candidate_count": 6.5007,
    "paired_output_success_fraction": 0.9917,
    "phase": "phase5c_image_conditioned_smiles_decoder",
    "run_name": "phase5c_image_smiles_decoder_seed7",
    "samples_per_condition": 8.0,
    "source_path": "SketchSMILES/outputs/runs/phase5c_image_smiles_decoder_seed7/metrics.json",
    "tokenization": "smiles_token",
    "top1_exact_match_fraction": 0.1023,
    "top1_scaffold_match_fraction": 0.2657,
    "top1_target_tanimoto": 0.4685879088043739,
    "top1_valid_fraction": 0.9917,
    "topk_exact_match_fraction": 0.2114,
    "train_pairs": 40000.0
  },
  {
    "beam_size": 16.0,
    "benchmark_label": "transformer",
    "benchmark_task": "image_or_latent_to_smiles",
    "decoding": "beam",
    "eval_pairs": 10000.0,
    "family": "sketchsmiles_ocr_free",
    "fingerprint_bits": 2048.0,
    "generated_image_fraction": 0.9819,
    "image_exact_match_fraction": 0.5323352683572665,
    "image_mse_mean": 888.4327683845543,
    "image_size": 256.0,
    "mean_best_condition_tanimoto": 0.8433937842037449,
    "mean_best_tanimoto": 0.8433937842037449,
    "mean_candidate_count": 8.9663,
    "model_type": "transformer",
    "paired_output_success_fraction": 0.9819,
    "phase": "phase5a4_condition_reranked_transformer_decoder",
    "rerank_mode": "condition_fingerprint",
    "run_name": "sketchmol_compare_phase5a4_seed7",
    "samples_per_condition": 8.0,
    "source_path": "SketchSMILES/outputs/runs/sketchmol_compare_phase5a4_seed7/metrics.json",
    "tokenization": "smiles_token",
    "top1_condition_tanimoto": 0.8433937842037449,
    "top1_exact_match_fraction": 0.5222,
    "top1_scaffold_match_fraction": 0.6822,
    "top1_target_tanimoto": 0.8433937842037449,
    "top1_valid_fraction": 0.9819,
    "topk_exact_match_fraction": 0.5754,
    "train_pairs": 40000.0
  },
  {
    "beam_size": 8.0,
    "benchmark_label": "smiles_token",
    "benchmark_task": "image_or_latent_to_smiles",
    "decoding": "beam",
    "eval_pairs": 10000.0,
    "family": "sketchsmiles_ocr_free",
    "generated_image_fraction": 0.9935,
    "image_exact_match_fraction": 0.0,
    "image_mse_mean": 2424.7132288914545,
    "image_size": 128.0,
    "mean_best_tanimoto": 0.5845413015518041,
    "mean_candidate_count": 6.6223,
    "paired_output_success_fraction": 0.9935,
    "phase": "phase5c_image_conditioned_smiles_decoder",
    "run_name": "sketchmol_compare_phase5c_seed7",
    "samples_per_condition": 8.0,
    "source_path": "SketchSMILES/outputs/runs/sketchmol_compare_phase5c_seed7/metrics.json",
    "tokenization": "smiles_token",
    "top1_exact_match_fraction": 0.1114,
    "top1_scaffold_match_fraction": 0.2691,
    "top1_target_tanimoto": 0.47577856167379085,
    "top1_valid_fraction": 0.9935,
    "topk_exact_match_fraction": 0.2169,
    "train_pairs": 40000.0
  },
  {
    "beam_size": 8.0,
    "benchmark_label": "smiles_token",
    "benchmark_task": "image_or_latent_to_smiles",
    "decoding": "beam",
    "eval_pairs": 10000.0,
    "family": "sketchsmiles_ocr_free",
    "fingerprint_bits": 2048.0,
    "fingerprint_loss_weight": 0.25,
    "generated_image_fraction": 0.9942,
    "image_exact_match_fraction": 0.0,
    "image_mse_mean": 2534.349181744183,
    "image_size": 128.0,
    "mean_best_condition_tanimoto": 0.3511432231169579,
    "mean_best_tanimoto": 0.5977745429034037,
    "mean_candidate_count": 6.6379,
    "mean_predicted_target_fingerprint_tanimoto": 0.31759017449343563,
    "paired_output_success_fraction": 0.9942,
    "phase": "phase5d_image_fingerprint_reranked_smiles_decoder",
    "rerank_mode": "predicted_fingerprint",
    "run_name": "sketchmol_compare_phase5d_seed7",
    "samples_per_condition": 8.0,
    "source_path": "SketchSMILES/outputs/runs/sketchmol_compare_phase5d_seed7/metrics.json",
    "tokenization": "smiles_token",
    "top1_condition_tanimoto": 0.3511432231169579,
    "top1_exact_match_fraction": 0.0656,
    "top1_scaffold_match_fraction": 0.2237,
    "top1_target_tanimoto": 0.45279220382863616,
    "top1_valid_fraction": 0.9942,
    "topk_exact_match_fraction": 0.2349,
    "train_pairs": 40000.0
  },
  {
    "benchmark_label": "smiles_token",
    "benchmark_task": "condition_to_smiles_token_diffusion",
    "diffusion_steps": 16.0,
    "eval_pairs": 10000.0,
    "family": "token_diffusion_ocr_free",
    "final_train_image_loss": 0.0,
    "final_train_loss": 0.4399437534597529,
    "fingerprint_bits": 2048.0,
    "generated_image_fraction": 0.0011,
    "image_exact_match_fraction": 0.0,
    "image_loss_weight": 0.0,
    "image_mse_mean": 0.0,
    "image_size": 128.0,
    "mean_best_condition_tanimoto": 0.00023926809725259042,
    "mean_best_tanimoto": 0.00023926809725259042,
    "mean_candidate_count": 0.0012,
    "paired_output_success_fraction": 0.0011,
    "phase": "sketchmol_token_diffusion_masked_smiles",
    "rerank_mode": "condition_fingerprint",
    "run_name": "sketchmol_compare_token_diffusion_seed7",
    "samples_per_condition": 8.0,
    "smiles_render_image_compared_fraction": 0.0,
    "smiles_render_image_exact_match_fraction": 0.0,
    "smiles_render_image_mse_mean": 0.0,
    "source_path": "SketchMolTokenDiffusion/outputs/runs/sketchmol_compare_token_diffusion_seed7/metrics.json",
    "tokenization": "smiles_token",
    "top1_condition_tanimoto": 0.00023926809725259042,
    "top1_exact_match_fraction": 0.0,
    "top1_scaffold_match_fraction": 0.0,
    "top1_target_tanimoto": 0.00023926809725259042,
    "top1_valid_fraction": 0.0011,
    "topk_exact_match_fraction": 0.0,
    "train_pairs": 40000.0
  },
  {
    "benchmark_label": "selfies",
    "benchmark_task": "condition_to_smiles_token_diffusion",
    "clip_loss_weight": 0.0,
    "decode_length_mode": "train_median",
    "diffusion_steps": 16.0,
    "eval_pairs": 10000.0,
    "family": "token_diffusion_ocr_free",
    "final_train_clip_loss": 0.0,
    "final_train_image_loss": 0.0,
    "final_train_loss": 0.7597969011928328,
    "fingerprint_bits": 2048.0,
    "generated_image_fraction": 1.0,
    "image_exact_match_fraction": 0.0,
    "image_loss_weight": 0.0,
    "image_mse_mean": 0.0,
    "image_size": 128.0,
    "latent_dim": 128.0,
    "mean_best_condition_tanimoto": 0.28256597481341594,
    "mean_best_tanimoto": 0.28256597481341594,
    "mean_candidate_count": 7.464985994397759,
    "paired_output_success_fraction": 1.0,
    "phase": "sketchmol_token_diffusion_masked_smiles",
    "rerank_mode": "condition_fingerprint",
    "run_name": "sketchmol_compare_token_diffusion_selfies_seed7",
    "samples_per_condition": 8.0,
    "smiles_render_image_compared_fraction": 0.0,
    "smiles_render_image_exact_match_fraction": 0.0,
    "smiles_render_image_mse_mean": 0.0,
    "source_path": "SketchMolTokenDiffusion/outputs/runs/sketchmol_compare_token_diffusion_selfies_seed7/metrics.json",
    "tokenization": "selfies",
    "top1_condition_tanimoto": 0.28256597481341594,
    "top1_exact_match_fraction": 0.001800720288115246,
    "top1_scaffold_match_fraction": 0.028411364545818326,
    "top1_target_tanimoto": 0.28256597481341594,
    "top1_valid_fraction": 1.0,
    "topk_exact_match_fraction": 0.0020008003201280513,
    "train_decode_length": 42.0,
    "train_pairs": 40000.0
  },
  {
    "benchmark_label": "smiles_token",
    "benchmark_task": "condition_to_image_and_smiles_diffusion",
    "diffusion_steps": 16.0,
    "eval_pairs": 10000.0,
    "family": "joint_diffusion_ocr_free",
    "final_train_image_loss": 0.06331008784591961,
    "final_train_loss": 0.5030047992873382,
    "fingerprint_bits": 2048.0,
    "generated_image_fraction": 1.0,
    "image_exact_match_fraction": 0.0,
    "image_loss_weight": 1.0,
    "image_mse_mean": 1925.4590794677733,
    "image_size": 128.0,
    "mean_best_condition_tanimoto": 0.0003781911684587132,
    "mean_best_tanimoto": 0.0003781911684587132,
    "mean_candidate_count": 0.0016,
    "paired_output_success_fraction": 0.0016,
    "phase": "sketchmol_joint_diffusion_image_smiles",
    "rerank_mode": "condition_fingerprint",
    "run_name": "sketchmol_compare_joint_diffusion_seed7",
    "samples_per_condition": 8.0,
    "smiles_render_image_compared_fraction": 0.0016,
    "smiles_render_image_exact_match_fraction": 0.0,
    "smiles_render_image_mse_mean": 3000.6526196797695,
    "source_path": "SketchMolJointDiffusion/outputs/runs/sketchmol_compare_joint_diffusion_seed7/metrics.json",
    "tokenization": "smiles_token",
    "top1_condition_tanimoto": 0.0003781911684587132,
    "top1_exact_match_fraction": 0.0,
    "top1_scaffold_match_fraction": 0.0,
    "top1_target_tanimoto": 0.0003781911684587132,
    "top1_valid_fraction": 0.0016,
    "topk_exact_match_fraction": 0.0,
    "train_pairs": 40000.0
  },
  {
    "benchmark_label": "smiles_token",
    "benchmark_task": "condition_to_image_and_smiles_diffusion",
    "clip_loss_weight": 0.1,
    "decode_length_mode": "train_median",
    "diffusion_steps": 16.0,
    "eval_pairs": 10000.0,
    "family": "joint_diffusion_ocr_free",
    "final_train_clip_loss": 0.4551791474461175,
    "final_train_image_loss": 0.05832832013837065,
    "final_train_loss": 0.7928832313350115,
    "fingerprint_bits": 2048.0,
    "generated_image_fraction": 1.0,
    "image_exact_match_fraction": 0.0,
    "image_loss_weight": 1.0,
    "image_mse_mean": 1775.3984061157228,
    "image_size": 128.0,
    "latent_dim": 128.0,
    "mean_best_condition_tanimoto": 0.14016065762194638,
    "mean_best_tanimoto": 0.14016065762194638,
    "mean_candidate_count": 0.6407,
    "paired_output_success_fraction": 0.3842,
    "phase": "sketchmol_joint_diffusion_image_smiles",
    "rerank_mode": "condition_fingerprint",
    "run_name": "sketchmol_compare_joint_latent_clip_seed7",
    "samples_per_condition": 8.0,
    "smiles_render_image_compared_fraction": 0.3842,
    "smiles_render_image_exact_match_fraction": 0.0,
    "smiles_render_image_mse_mean": 2646.649127569004,
    "source_path": "SketchMolJointDiffusion/outputs/runs/sketchmol_compare_joint_latent_clip_seed7/metrics.json",
    "tokenization": "smiles_token",
    "top1_condition_tanimoto": 0.14016065762194638,
    "top1_exact_match_fraction": 0.0015,
    "top1_scaffold_match_fraction": 0.022,
    "top1_target_tanimoto": 0.14016065762194638,
    "top1_valid_fraction": 0.3842,
    "topk_exact_match_fraction": 0.0015,
    "train_decode_length": 43.0,
    "train_pairs": 40000.0
  },
  {
    "benchmark_label": "selfies",
    "benchmark_task": "condition_to_image_and_smiles_diffusion",
    "clip_loss_weight": 0.1,
    "decode_length_mode": "train_median",
    "diffusion_steps": 16.0,
    "eval_pairs": 10000.0,
    "family": "joint_diffusion_ocr_free",
    "final_train_clip_loss": 0.4946640766085908,
    "final_train_image_loss": 0.05863194035503049,
    "final_train_loss": 0.946629956603861,
    "fingerprint_bits": 2048.0,
    "generated_image_fraction": 1.0,
    "image_exact_match_fraction": 0.0,
    "image_loss_weight": 1.0,
    "image_mse_mean": 1742.1496873163328,
    "image_size": 128.0,
    "latent_dim": 128.0,
    "mean_best_condition_tanimoto": 0.2670040441034341,
    "mean_best_tanimoto": 0.2670040441034341,
    "mean_candidate_count": 7.565726290516206,
    "paired_output_success_fraction": 1.0,
    "phase": "sketchmol_joint_diffusion_image_smiles",
    "rerank_mode": "condition_fingerprint",
    "run_name": "sketchmol_compare_joint_selfies_latent_clip_seed7",
    "samples_per_condition": 8.0,
    "smiles_render_image_compared_fraction": 1.0,
    "smiles_render_image_exact_match_fraction": 0.0,
    "smiles_render_image_mse_mean": 2602.566527943785,
    "source_path": "SketchMolJointDiffusion/outputs/runs/sketchmol_compare_joint_selfies_latent_clip_seed7/metrics.json",
    "tokenization": "selfies",
    "top1_condition_tanimoto": 0.2670040441034341,
    "top1_exact_match_fraction": 0.0007002801120448179,
    "top1_scaffold_match_fraction": 0.02851140456182473,
    "top1_target_tanimoto": 0.2670040441034341,
    "top1_valid_fraction": 1.0,
    "topk_exact_match_fraction": 0.0008003201280512205,
    "train_decode_length": 42.0,
    "train_pairs": 40000.0
  },
  {
    "benchmark_label": "all",
    "benchmark_task": "overall",
    "family": "real_sketchmol_plus_ocr",
    "image_path_exists_fraction": 1.0,
    "molscribe_score_mean": 0.09923249263859664,
    "n": 8.0,
    "ocr_smiles_present_rate": 0.0,
    "phase": "sketchmol_benchmark",
    "run_name": "real_sketchmol_ocr_20260602_111442",
    "source_path": "SketchMolBenchmark/outputs/current/benchmark_summary.csv",
    "validity": 0.0
  },
  {
    "benchmark_label": "all",
    "benchmark_task": "sketchmol_plus_ocr",
    "family": "real_sketchmol_plus_ocr",
    "image_path_exists_fraction": 1.0,
    "molscribe_score_mean": 0.09923249263859664,
    "n": 8.0,
    "ocr_smiles_present_rate": 0.0,
    "phase": "sketchmol_benchmark",
    "run_name": "real_sketchmol_ocr_20260602_111442",
    "source_path": "SketchMolBenchmark/outputs/current/benchmark_summary.csv",
    "validity": 0.0
  },
  {
    "benchmark_label": "real_sketchmol_ocr_20260602_111442",
    "benchmark_task": "sketchmol_plus_ocr",
    "family": "real_sketchmol_plus_ocr",
    "image_path_exists_fraction": 1.0,
    "molscribe_score_mean": 0.09923249263859664,
    "n": 8.0,
    "ocr_smiles_present_rate": 0.0,
    "phase": "sketchmol_benchmark",
    "run_name": "real_sketchmol_ocr_20260602_111442",
    "source_path": "SketchMolBenchmark/outputs/current/benchmark_summary.csv",
    "validity": 0.0
  },
  {
    "LogP_mae": 2.911003333333337,
    "MW_mae": 149.4866666666668,
    "QED_mae": 0.28567074573712636,
    "TPSA_mae": 23.386,
    "benchmark_label": "all",
    "benchmark_task": "overall",
    "family": "direct_structure_prediction",
    "image_path_exists_fraction": 1.0,
    "n": 71.0,
    "phase": "sketchmol_benchmark",
    "predicted_smiles_present_rate": 1.0,
    "run_name": "understanding_condition_full_ridge",
    "source_path": "SketchMolBenchmark/outputs/understanding_condition_fusion_v2_contrastive_e12/benchmark_summary.csv",
    "success_rate_in_valid_mols": 0.28169014084507044,
    "success_rate_sketchmol_tolerance_in_valid_mols": 0.28169014084507044,
    "success_rate_strict_in_valid_mols": 0.28169014084507044,
    "validity": 1.0
  },
  {
    "LogP_mae": 2.911003333333337,
    "MW_mae": 149.4866666666668,
    "QED_mae": 0.28567074573712636,
    "TPSA_mae": 23.386,
    "benchmark_label": "all",
    "benchmark_task": "direct_structure_prediction",
    "family": "direct_structure_prediction",
    "image_path_exists_fraction": 1.0,
    "n": 71.0,
    "phase": "sketchmol_benchmark",
    "predicted_smiles_present_rate": 1.0,
    "run_name": "understanding_condition_full_ridge",
    "source_path": "SketchMolBenchmark/outputs/understanding_condition_fusion_v2_contrastive_e12/benchmark_summary.csv",
    "success_rate_in_valid_mols": 0.28169014084507044,
    "success_rate_sketchmol_tolerance_in_valid_mols": 0.28169014084507044,
    "success_rate_strict_in_valid_mols": 0.28169014084507044,
    "validity": 1.0
  },
  {
    "LogP_mae": 2.911003333333337,
    "MW_mae": 149.4866666666668,
    "QED_mae": 0.28567074573712636,
    "TPSA_mae": 23.386,
    "benchmark_label": "understanding_condition_full_ridge",
    "benchmark_task": "direct_structure_prediction",
    "family": "direct_structure_prediction",
    "image_path_exists_fraction": 1.0,
    "n": 71.0,
    "phase": "sketchmol_benchmark",
    "predicted_smiles_present_rate": 1.0,
    "run_name": "understanding_condition_full_ridge",
    "source_path": "SketchMolBenchmark/outputs/understanding_condition_fusion_v2_contrastive_e12/benchmark_summary.csv",
    "success_rate_in_valid_mols": 0.28169014084507044,
    "success_rate_sketchmol_tolerance_in_valid_mols": 0.28169014084507044,
    "success_rate_strict_in_valid_mols": 0.28169014084507044,
    "validity": 1.0
  }
]

wrote=SketchMolCompare/outputs/comparisons/understanding_contrastive_e12

SketchMolCompare summary finished: SketchMolCompare/outputs/comparisons/understanding_contrastive_e12
  csv=SketchMolCompare/outputs/comparisons/understanding_contrastive_e12/comparison_rows.csv
  json=SketchMolCompare/outputs/comparisons/understanding_contrastive_e12/comparison_rows.json
  report=SketchMolCompare/outputs/comparisons/understanding_contrastive_e12/comparison_report.md
