Exporting condition encoder features
  python=/scratch/bdong/venvs/phystabmol/bin/python
  baseline_csv=SketchMol-Understanding-Condition/outputs/mixed_objective_dataset_8k_strict_v2/baseline_variants.csv
  encoder=multimodal_fusion_v2
  output_dir=SketchMol-Understanding-Condition/outputs/condition_features_mixed_v2_multimodal_fusion_v2_contrastive_e12
  image_encoder_checkpoint=SketchMol-Understanding-Condition/outputs/fusion_image_text_encoder_mixed_v2_contrastive_e12/fusion_image_text_encoder.pt
{
  "baseline_variants_csv": "SketchMol-Understanding-Condition/outputs/mixed_objective_dataset_8k_strict_v2/baseline_variants.csv",
  "encoder": "multimodal_fusion_v2",
  "image_encoder_checkpoint": "SketchMol-Understanding-Condition/outputs/fusion_image_text_encoder_mixed_v2_contrastive_e12/fusion_image_text_encoder.pt",
  "index_csv": "SketchMol-Understanding-Condition/outputs/condition_features_mixed_v2_multimodal_fusion_v2_contrastive_e12/index.csv",
  "pooled_npy": "SketchMol-Understanding-Condition/outputs/condition_features_mixed_v2_multimodal_fusion_v2_contrastive_e12/pooled.npy",
  "pooled_shape": [
    2000,
    768
  ],
  "query_tokens_npy": "SketchMol-Understanding-Condition/outputs/condition_features_mixed_v2_multimodal_fusion_v2_contrastive_e12/query_tokens.npy",
  "query_tokens_shape": [
    2000,
    16,
    256
  ],
  "rows": 2000
}
Condition encoder export finished.
