Running Unified 3M Stage 3 diffusion refine
  python=/home/bdong/.venvs/molscribe_overlay/bin/python
  output_dir=SketchMol-Unified-3MDiffusion/outputs/unified_generation_3m_edit_v2
  diffusion_dir=SketchMol-Unified-3MDiffusion/outputs/unified_generation_3m_edit_v2/latent_diffusion
  base_diffusion_dir=SketchMol-Unified-3MDiffusion/outputs/unified_generation_3m_edit_v2/latent_diffusion
  resume_diffusion_checkpoint=SketchMol-Unified-3MDiffusion/outputs/unified_generation_3m_edit_v2/latent_diffusion/checkpoints/latest.pt
  diffusion_epochs=450
  diffusion_extra_epochs=200
  diffusion_lr=3e-4
  prior_loss_weight=0.25
  train_diffusion_connector=1
  eval_limit=0
  max_eval_per_property_count=0
  run_materialized_benchmark=1
{"cuda_available": true, "cuda_device_count": 1, "cuda_device_name": "NVIDIA H100 80GB HBM3 MIG 3g.40gb", "device": "cuda", "event": "device", "torch_version": "2.12.0"}
{"checkpoint": "SketchMol-Unified-3MDiffusion/outputs/unified_generation_3m_edit_v2/latent_diffusion/checkpoints/latest.pt", "event": "resumed", "start_epoch": 250}
{"diffusion_loss": 0.006214216444641351, "diffusion_target_mae": 0.04070754759013653, "epoch": 251, "prior_mse": 0.059903863444924356, "train_loss": 0.021190182119607926}
{"diffusion_loss": 0.006188384350389242, "diffusion_target_mae": 0.04044572450220585, "epoch": 252, "prior_mse": 0.0596537284553051, "train_loss": 0.02110181637108326}
{"diffusion_loss": 0.006126111932098865, "diffusion_target_mae": 0.04019193910062313, "epoch": 253, "prior_mse": 0.05923817306756973, "train_loss": 0.0209356551989913}
{"diffusion_loss": 0.00608454286120832, "diffusion_target_mae": 0.03994542360305786, "epoch": 254, "prior_mse": 0.05887098498642444, "train_loss": 0.020802289247512817}
{"diffusion_loss": 0.0061493078246712685, "diffusion_target_mae": 0.03982177749276161, "epoch": 255, "prior_mse": 0.05866915509104729, "train_loss": 0.02081659659743309}
{"diffusion_loss": 0.0061664180364459755, "diffusion_target_mae": 0.03966088891029358, "epoch": 256, "prior_mse": 0.05848915390670299, "train_loss": 0.02078870665282011}
{"diffusion_loss": 0.006020726403221488, "diffusion_target_mae": 0.03929907828569412, "epoch": 257, "prior_mse": 0.05792129300534725, "train_loss": 0.02050104979425669}
{"diffusion_loss": 0.005916470708325505, "diffusion_target_mae": 0.039015695452690125, "epoch": 258, "prior_mse": 0.057456907257437705, "train_loss": 0.02028069756925106}
{"diffusion_loss": 0.005843296553939581, "diffusion_target_mae": 0.038766217231750486, "epoch": 259, "prior_mse": 0.057162387669086455, "train_loss": 0.020133893564343454}
{"diffusion_loss": 0.005864884238690138, "diffusion_target_mae": 0.038564619794487956, "epoch": 260, "prior_mse": 0.056808456778526306, "train_loss": 0.020066998526453973}
{"diffusion_loss": 0.005875147972255945, "diffusion_target_mae": 0.03837805390357971, "epoch": 261, "prior_mse": 0.05665550120174885, "train_loss": 0.02003902308642864}
{"diffusion_loss": 0.005802229419350624, "diffusion_target_mae": 0.0381569217890501, "epoch": 262, "prior_mse": 0.05624128542840481, "train_loss": 0.019862550869584085}
{"diffusion_loss": 0.005708285560831428, "diffusion_target_mae": 0.03785323984920978, "epoch": 263, "prior_mse": 0.05576103813946247, "train_loss": 0.019648545049130918}
{"diffusion_loss": 0.0056587764993309975, "diffusion_target_mae": 0.03762320131063461, "epoch": 264, "prior_mse": 0.055411530658602715, "train_loss": 0.019511659257113935}
{"diffusion_loss": 0.005660841148346663, "diffusion_target_mae": 0.03748589903116226, "epoch": 265, "prior_mse": 0.05527269281446934, "train_loss": 0.019479014351963995}
{"diffusion_loss": 0.005592312384396792, "diffusion_target_mae": 0.037218314781785014, "epoch": 266, "prior_mse": 0.05484000481665134, "train_loss": 0.019302313588559626}
{"diffusion_loss": 0.005643886607140302, "diffusion_target_mae": 0.03707714006304741, "epoch": 267, "prior_mse": 0.0547161340713501, "train_loss": 0.019322920031845568}
{"diffusion_loss": 0.005660982755944133, "diffusion_target_mae": 0.0370031151920557, "epoch": 268, "prior_mse": 0.05457597561180592, "train_loss": 0.019304976612329484}
{"diffusion_loss": 0.0055142894852906466, "diffusion_target_mae": 0.036652328073978425, "epoch": 269, "prior_mse": 0.05396179743111133, "train_loss": 0.019004738703370095}
{"diffusion_loss": 0.005458999238908291, "diffusion_target_mae": 0.03643379174172878, "epoch": 270, "prior_mse": 0.05374597981572151, "train_loss": 0.018895494379103185}
{"diffusion_loss": 0.005466646421700716, "diffusion_target_mae": 0.03632989302277565, "epoch": 271, "prior_mse": 0.053683430328965186, "train_loss": 0.0188875038176775}
{"diffusion_loss": 0.005390483979135751, "diffusion_target_mae": 0.03604965060949326, "epoch": 272, "prior_mse": 0.05314517579972744, "train_loss": 0.018676777929067613}
{"diffusion_loss": 0.005380494613200426, "diffusion_target_mae": 0.03591230735182762, "epoch": 273, "prior_mse": 0.05307611152529716, "train_loss": 0.01864952240139246}
{"diffusion_loss": 0.005394921451807022, "diffusion_target_mae": 0.035766725242137906, "epoch": 274, "prior_mse": 0.05278341621160507, "train_loss": 0.018590775318443775}
{"diffusion_loss": 0.005409045005217194, "diffusion_target_mae": 0.03560957312583923, "epoch": 275, "prior_mse": 0.05252108089625836, "train_loss": 0.01853931527584791}
{"diffusion_loss": 0.005319279013201594, "diffusion_target_mae": 0.03537263348698616, "epoch": 276, "prior_mse": 0.05224510580301285, "train_loss": 0.01838055532425642}
{"diffusion_loss": 0.005273430282250047, "diffusion_target_mae": 0.035149749368429184, "epoch": 277, "prior_mse": 0.05190362557768822, "train_loss": 0.018249336630105972}
{"diffusion_loss": 0.005308134015649557, "diffusion_target_mae": 0.03509775549173355, "epoch": 278, "prior_mse": 0.051930615305900575, "train_loss": 0.018290787935256958}
{"diffusion_loss": 0.005174836749210954, "diffusion_target_mae": 0.03474751599133015, "epoch": 279, "prior_mse": 0.05131801627576351, "train_loss": 0.018004341050982475}
{"diffusion_loss": 0.005112547613680363, "diffusion_target_mae": 0.034591163694858554, "epoch": 280, "prior_mse": 0.0511324342340231, "train_loss": 0.017895655892789363}
{"diffusion_loss": 0.005107610207051039, "diffusion_target_mae": 0.03442385122179985, "epoch": 281, "prior_mse": 0.050877025723457335, "train_loss": 0.017826866544783115}
{"diffusion_loss": 0.0050321016926318405, "diffusion_target_mae": 0.03420906476676464, "epoch": 282, "prior_mse": 0.0504616130143404, "train_loss": 0.017647504806518555}
{"diffusion_loss": 0.005105034960433841, "diffusion_target_mae": 0.0341559711843729, "epoch": 283, "prior_mse": 0.050477941334247586, "train_loss": 0.017724519968032836}
{"diffusion_loss": 0.005048407940194011, "diffusion_target_mae": 0.03394933044910431, "epoch": 284, "prior_mse": 0.05012675002217293, "train_loss": 0.01758009511977434}
{"diffusion_loss": 0.005032322695478797, "diffusion_target_mae": 0.03377120271325111, "epoch": 285, "prior_mse": 0.0499740369617939, "train_loss": 0.0175258319824934}
{"diffusion_loss": 0.00498844045214355, "diffusion_target_mae": 0.033585474640130994, "epoch": 286, "prior_mse": 0.04965443797409534, "train_loss": 0.017402049712836744}
{"diffusion_loss": 0.004940103553235531, "diffusion_target_mae": 0.03341832309961319, "epoch": 287, "prior_mse": 0.04945646822452545, "train_loss": 0.017304220423102378}
{"diffusion_loss": 0.004922055033966899, "diffusion_target_mae": 0.03329022601246834, "epoch": 288, "prior_mse": 0.04926755055785179, "train_loss": 0.017238942719995976}
{"diffusion_loss": 0.004924655379727483, "diffusion_target_mae": 0.033151112496852875, "epoch": 289, "prior_mse": 0.04909475259482861, "train_loss": 0.01719834338873625}
{"diffusion_loss": 0.004974600207060575, "diffusion_target_mae": 0.0331126045435667, "epoch": 290, "prior_mse": 0.048997321724891664, "train_loss": 0.01722393073141575}
{"diffusion_loss": 0.00498277940787375, "diffusion_target_mae": 0.03303702175617218, "epoch": 291, "prior_mse": 0.04886193200945854, "train_loss": 0.017198262363672258}
{"diffusion_loss": 0.0048799562267959114, "diffusion_target_mae": 0.03275929540395737, "epoch": 292, "prior_mse": 0.04859024025499821, "train_loss": 0.017027516104280948}
{"diffusion_loss": 0.004874993162229657, "diffusion_target_mae": 0.032626977562904357, "epoch": 293, "prior_mse": 0.04847550615668297, "train_loss": 0.016993869468569754}
{"diffusion_loss": 0.00477966065518558, "diffusion_target_mae": 0.03238433599472046, "epoch": 294, "prior_mse": 0.048003549501299855, "train_loss": 0.01678054817020893}
{"diffusion_loss": 0.004727324191480875, "diffusion_target_mae": 0.03222162649035454, "epoch": 295, "prior_mse": 0.047761817649006846, "train_loss": 0.01666777841746807}
{"diffusion_loss": 0.004728745669126511, "diffusion_target_mae": 0.03211189676076174, "epoch": 296, "prior_mse": 0.04765454903244972, "train_loss": 0.016642383113503457}
{"diffusion_loss": 0.004820643132552505, "diffusion_target_mae": 0.032112231105566026, "epoch": 297, "prior_mse": 0.047678866609930995, "train_loss": 0.01674035992473364}
{"diffusion_loss": 0.004674557549878955, "diffusion_target_mae": 0.03178385719656944, "epoch": 298, "prior_mse": 0.047129910066723825, "train_loss": 0.016457035206258297}
{"diffusion_loss": 0.004651816701516509, "diffusion_target_mae": 0.03171660304069519, "epoch": 299, "prior_mse": 0.0470547616481781, "train_loss": 0.01641550734639168}
{"diffusion_loss": 0.004599625617265702, "diffusion_target_mae": 0.031497666426002977, "epoch": 300, "prior_mse": 0.046740338951349256, "train_loss": 0.01628471054136753}
{"diffusion_loss": 0.004568406101316214, "diffusion_target_mae": 0.03136460855603218, "epoch": 301, "prior_mse": 0.04649334065616131, "train_loss": 0.01619174126535654}
{"diffusion_loss": 0.004630147432908416, "diffusion_target_mae": 0.03135641235858202, "epoch": 302, "prior_mse": 0.046627505123615264, "train_loss": 0.016287023946642876}
{"diffusion_loss": 0.004592923494055867, "diffusion_target_mae": 0.03117827922105789, "epoch": 303, "prior_mse": 0.04639834687113762, "train_loss": 0.016192510165274142}
{"diffusion_loss": 0.00457086656242609, "diffusion_target_mae": 0.03103638030588627, "epoch": 304, "prior_mse": 0.04610560536384582, "train_loss": 0.01609726781025529}
{"diffusion_loss": 0.004590993421152234, "diffusion_target_mae": 0.030968575924634933, "epoch": 305, "prior_mse": 0.046109312772750856, "train_loss": 0.016118321660906078}
{"diffusion_loss": 0.004671654244884848, "diffusion_target_mae": 0.030955166183412076, "epoch": 306, "prior_mse": 0.046168353781104086, "train_loss": 0.016213742457330226}
{"diffusion_loss": 0.0045183717738837, "diffusion_target_mae": 0.03068674821406603, "epoch": 307, "prior_mse": 0.0457140576094389, "train_loss": 0.015946886036545038}
{"diffusion_loss": 0.004525853134691715, "diffusion_target_mae": 0.03058031015098095, "epoch": 308, "prior_mse": 0.04558009952306748, "train_loss": 0.015920877922326326}
{"diffusion_loss": 0.004463506722822785, "diffusion_target_mae": 0.030449086055159568, "epoch": 309, "prior_mse": 0.0455219279974699, "train_loss": 0.01584398848935962}
{"diffusion_loss": 0.004449234856292605, "diffusion_target_mae": 0.030249898508191108, "epoch": 310, "prior_mse": 0.04509070962667465, "train_loss": 0.015721912123262884}
{"diffusion_loss": 0.0044852591585367915, "diffusion_target_mae": 0.030240264348685743, "epoch": 311, "prior_mse": 0.04506416618824005, "train_loss": 0.015751300752162932}
{"diffusion_loss": 0.004435576219111681, "diffusion_target_mae": 0.03009147699922323, "epoch": 312, "prior_mse": 0.04493306502699852, "train_loss": 0.01566884247586131}
{"diffusion_loss": 0.004369994625449181, "diffusion_target_mae": 0.029931696876883507, "epoch": 313, "prior_mse": 0.04456367008388042, "train_loss": 0.015510912146419286}
{"diffusion_loss": 0.004287499096244573, "diffusion_target_mae": 0.029752513393759727, "epoch": 314, "prior_mse": 0.04436690732836723, "train_loss": 0.015379226114600898}
{"diffusion_loss": 0.004275313299149275, "diffusion_target_mae": 0.0296214634552598, "epoch": 315, "prior_mse": 0.0442301232367754, "train_loss": 0.015332844201475382}
{"diffusion_loss": 0.00423757815733552, "diffusion_target_mae": 0.029498721472918987, "epoch": 316, "prior_mse": 0.04400538466870785, "train_loss": 0.01523892441764474}
{"diffusion_loss": 0.004279713938012719, "diffusion_target_mae": 0.029445952363312246, "epoch": 317, "prior_mse": 0.043959877267479894, "train_loss": 0.015269683394581079}
{"diffusion_loss": 0.0042705090250819925, "diffusion_target_mae": 0.02932521905750036, "epoch": 318, "prior_mse": 0.04382278136909008, "train_loss": 0.015226204507052898}
{"diffusion_loss": 0.004145801533013582, "diffusion_target_mae": 0.029113436304032802, "epoch": 319, "prior_mse": 0.04347436018288135, "train_loss": 0.015014391485601663}
{"diffusion_loss": 0.004107136512175202, "diffusion_target_mae": 0.0289527652785182, "epoch": 320, "prior_mse": 0.043336580693721774, "train_loss": 0.01494128182530403}
{"diffusion_loss": 0.0041147841606289145, "diffusion_target_mae": 0.028913199529051782, "epoch": 321, "prior_mse": 0.04316368438303471, "train_loss": 0.014905705209821462}
{"diffusion_loss": 0.0040363491047173735, "diffusion_target_mae": 0.02871998194605112, "epoch": 322, "prior_mse": 0.04288837872445583, "train_loss": 0.014758443739265204}
{"diffusion_loss": 0.004060622351244092, "diffusion_target_mae": 0.02863666620105505, "epoch": 323, "prior_mse": 0.04277393184602261, "train_loss": 0.014754105266183615}
{"diffusion_loss": 0.0040537143591791395, "diffusion_target_mae": 0.02855412568897009, "epoch": 324, "prior_mse": 0.0427743948996067, "train_loss": 0.014747312944382428}
{"diffusion_loss": 0.004119529761373997, "diffusion_target_mae": 0.02854765933007002, "epoch": 325, "prior_mse": 0.04278562441468239, "train_loss": 0.014815935865044594}
{"diffusion_loss": 0.0040569991106167436, "diffusion_target_mae": 0.028404449485242365, "epoch": 326, "prior_mse": 0.042447898909449576, "train_loss": 0.014668973907828332}
{"diffusion_loss": 0.004028467973694205, "diffusion_target_mae": 0.028315265476703644, "epoch": 327, "prior_mse": 0.042400799691677094, "train_loss": 0.01462866785004735}
{"diffusion_loss": 0.004035192541778088, "diffusion_target_mae": 0.028244514390826224, "epoch": 328, "prior_mse": 0.04228584580123425, "train_loss": 0.014606653805822134}
{"diffusion_loss": 0.004024528432637453, "diffusion_target_mae": 0.028111878596246243, "epoch": 329, "prior_mse": 0.04210372045636177, "train_loss": 0.014550458639860153}
{"diffusion_loss": 0.004095752397552133, "diffusion_target_mae": 0.028092287853360175, "epoch": 330, "prior_mse": 0.04215941205620766, "train_loss": 0.014635605551302434}
{"diffusion_loss": 0.00392306565772742, "diffusion_target_mae": 0.027870772033929826, "epoch": 331, "prior_mse": 0.04180153608322144, "train_loss": 0.0143734497949481}
{"diffusion_loss": 0.003965503419749439, "diffusion_target_mae": 0.02786437850445509, "epoch": 332, "prior_mse": 0.04179915115237236, "train_loss": 0.014415291231125593}
{"diffusion_loss": 0.00395490035880357, "diffusion_target_mae": 0.027729699201881886, "epoch": 333, "prior_mse": 0.04160040095448494, "train_loss": 0.01435500057414174}
{"diffusion_loss": 0.0038817947264760734, "diffusion_target_mae": 0.02757893707603216, "epoch": 334, "prior_mse": 0.04142005071043968, "train_loss": 0.014236807357519865}
{"diffusion_loss": 0.003856558143161237, "diffusion_target_mae": 0.027466066554188727, "epoch": 335, "prior_mse": 0.04130261167883873, "train_loss": 0.014182210993021726}
{"diffusion_loss": 0.0038444963516667484, "diffusion_target_mae": 0.027367490530014037, "epoch": 336, "prior_mse": 0.041085976734757425, "train_loss": 0.014115990698337555}
{"diffusion_loss": 0.003830049210228026, "diffusion_target_mae": 0.027268842235207556, "epoch": 337, "prior_mse": 0.040942242741584776, "train_loss": 0.014065609779208899}
{"diffusion_loss": 0.0038961161160841586, "diffusion_target_mae": 0.02726457715034485, "epoch": 338, "prior_mse": 0.041059112176299095, "train_loss": 0.014160894136875869}
{"diffusion_loss": 0.003832920757122338, "diffusion_target_mae": 0.027140608988702297, "epoch": 339, "prior_mse": 0.04073550999164581, "train_loss": 0.01401679813861847}
{"diffusion_loss": 0.0038531024707481264, "diffusion_target_mae": 0.0270861042663455, "epoch": 340, "prior_mse": 0.04076344892382622, "train_loss": 0.014043964818120003}
{"diffusion_loss": 0.003821295173838735, "diffusion_target_mae": 0.02696205973625183, "epoch": 341, "prior_mse": 0.04059712253510952, "train_loss": 0.013970575761049986}
{"diffusion_loss": 0.0037167567759752275, "diffusion_target_mae": 0.0267822926864028, "epoch": 342, "prior_mse": 0.040282963588833806, "train_loss": 0.01378749767318368}
{"diffusion_loss": 0.00371858412399888, "diffusion_target_mae": 0.026755975931882857, "epoch": 343, "prior_mse": 0.040306559577584264, "train_loss": 0.01379522392526269}
{"diffusion_loss": 0.003703658515587449, "diffusion_target_mae": 0.02663029879331589, "epoch": 344, "prior_mse": 0.040096333250403404, "train_loss": 0.013727741874754429}
{"diffusion_loss": 0.0036760761868208647, "diffusion_target_mae": 0.02651748899370432, "epoch": 345, "prior_mse": 0.03995299935340881, "train_loss": 0.013664326071739197}
{"diffusion_loss": 0.0037956722779199483, "diffusion_target_mae": 0.026556874811649322, "epoch": 346, "prior_mse": 0.04006382264196873, "train_loss": 0.013811627868562937}
{"diffusion_loss": 0.003667150135152042, "diffusion_target_mae": 0.02636272497475147, "epoch": 347, "prior_mse": 0.03975824899971485, "train_loss": 0.013606712315231561}
{"diffusion_loss": 0.0036962229758501055, "diffusion_target_mae": 0.026339484937489034, "epoch": 348, "prior_mse": 0.03972770273685455, "train_loss": 0.013628148660063743}
{"diffusion_loss": 0.004994788765907287, "diffusion_target_mae": 0.02765486389398575, "epoch": 349, "prior_mse": 0.04203483946621418, "train_loss": 0.015503498632460833}
{"diffusion_loss": 0.009062280599027871, "diffusion_target_mae": 0.03154409620910883, "epoch": 350, "prior_mse": 0.048662896081805226, "train_loss": 0.02122800424695015}
{"diffusion_loss": 0.005411047628149391, "diffusion_target_mae": 0.02842641156166792, "epoch": 351, "prior_mse": 0.04277952872216702, "train_loss": 0.016105930134654046}
{"diffusion_loss": 0.004419512674212455, "diffusion_target_mae": 0.027421542257070542, "epoch": 352, "prior_mse": 0.040930434688925744, "train_loss": 0.014652121346443892}
{"diffusion_loss": 0.003898764308542013, "diffusion_target_mae": 0.02658971045166254, "epoch": 353, "prior_mse": 0.03993807472288609, "train_loss": 0.013883283082395791}
{"diffusion_loss": 0.003704870631918311, "diffusion_target_mae": 0.026166581176221372, "epoch": 354, "prior_mse": 0.03958393782377243, "train_loss": 0.01360085504129529}
{"diffusion_loss": 0.0035935927415266635, "diffusion_target_mae": 0.02591551057994366, "epoch": 355, "prior_mse": 0.03928133510053158, "train_loss": 0.013413926400244237}
{"diffusion_loss": 0.0036968439351767303, "diffusion_target_mae": 0.025901404954493047, "epoch": 356, "prior_mse": 0.03932195454835892, "train_loss": 0.013527332618832589}
{"diffusion_loss": 0.003645469364710152, "diffusion_target_mae": 0.025720451772212983, "epoch": 357, "prior_mse": 0.03905239216983318, "train_loss": 0.01340856747701764}
{"diffusion_loss": 0.0035867323633283375, "diffusion_target_mae": 0.025590987503528596, "epoch": 358, "prior_mse": 0.03884285576641559, "train_loss": 0.013297446351498366}
{"diffusion_loss": 0.0035275342874228955, "diffusion_target_mae": 0.025478042662143707, "epoch": 359, "prior_mse": 0.038603775948286054, "train_loss": 0.01317847827449441}
{"diffusion_loss": 0.003484783577732742, "diffusion_target_mae": 0.025358349643647672, "epoch": 360, "prior_mse": 0.03843058906495571, "train_loss": 0.013092430774122477}
{"diffusion_loss": 0.0035130141768604517, "diffusion_target_mae": 0.02536754831671715, "epoch": 361, "prior_mse": 0.03847379609942436, "train_loss": 0.013131463248282672}
{"diffusion_loss": 0.003537931200116873, "diffusion_target_mae": 0.025306844711303712, "epoch": 362, "prior_mse": 0.0385108083486557, "train_loss": 0.01316563319414854}
{"diffusion_loss": 0.003530346229672432, "diffusion_target_mae": 0.025209491699934007, "epoch": 363, "prior_mse": 0.038335312902927396, "train_loss": 0.013114174362272024}
{"diffusion_loss": 0.003562726080417633, "diffusion_target_mae": 0.02520169261842966, "epoch": 364, "prior_mse": 0.038293694332242015, "train_loss": 0.013136149756610394}
{"diffusion_loss": 0.00355056079570204, "diffusion_target_mae": 0.025140921771526336, "epoch": 365, "prior_mse": 0.03824999779462814, "train_loss": 0.013113060127943754}
{"diffusion_loss": 0.003465957590378821, "diffusion_target_mae": 0.024966497719287873, "epoch": 366, "prior_mse": 0.03797231614589691, "train_loss": 0.012959036603569984}
{"diffusion_loss": 0.003528198390267789, "diffusion_target_mae": 0.02498805522918701, "epoch": 367, "prior_mse": 0.038074097409844396, "train_loss": 0.01304672285914421}
{"diffusion_loss": 0.0035432949662208557, "diffusion_target_mae": 0.024935200437903406, "epoch": 368, "prior_mse": 0.038032342493534085, "train_loss": 0.013051380682736636}
{"diffusion_loss": 0.003462588624097407, "diffusion_target_mae": 0.024799200147390364, "epoch": 369, "prior_mse": 0.03778971396386623, "train_loss": 0.012910017091780902}
{"diffusion_loss": 0.003397653857246041, "diffusion_target_mae": 0.024681347236037255, "epoch": 370, "prior_mse": 0.037626320496201515, "train_loss": 0.012804234027862548}
{"diffusion_loss": 0.0033775472547858953, "diffusion_target_mae": 0.024572751112282278, "epoch": 371, "prior_mse": 0.03746690489351749, "train_loss": 0.01274427343159914}
{"diffusion_loss": 0.0033401641761884094, "diffusion_target_mae": 0.024487683549523354, "epoch": 372, "prior_mse": 0.03733562789857388, "train_loss": 0.012674071080982684}
{"diffusion_loss": 0.0033689667703583836, "diffusion_target_mae": 0.024435631930828094, "epoch": 373, "prior_mse": 0.03732159473001957, "train_loss": 0.012699365336447953}
{"diffusion_loss": 0.0033274656161665916, "diffusion_target_mae": 0.024332525953650475, "epoch": 374, "prior_mse": 0.03714105673134327, "train_loss": 0.012612729705870152}
{"diffusion_loss": 0.0033244997961446644, "diffusion_target_mae": 0.024264679849147798, "epoch": 375, "prior_mse": 0.03710032403469086, "train_loss": 0.012599580734968186}
{"diffusion_loss": 0.0032901887549087404, "diffusion_target_mae": 0.02420594710856676, "epoch": 376, "prior_mse": 0.03692208863794803, "train_loss": 0.012520710844546557}
{"diffusion_loss": 0.0033143246779218315, "diffusion_target_mae": 0.024162303656339645, "epoch": 377, "prior_mse": 0.03692624643445015, "train_loss": 0.012545886542648077}
{"diffusion_loss": 0.003357772505842149, "diffusion_target_mae": 0.024159774556756018, "epoch": 378, "prior_mse": 0.036967172473669055, "train_loss": 0.012599565740674733}
{"diffusion_loss": 0.003366333548910916, "diffusion_target_mae": 0.02412534598261118, "epoch": 379, "prior_mse": 0.03706883266568184, "train_loss": 0.012633541785180568}
{"diffusion_loss": 0.0032991907093673943, "diffusion_target_mae": 0.024005718901753424, "epoch": 380, "prior_mse": 0.036793499067425725, "train_loss": 0.012497565522789956}
{"diffusion_loss": 0.00325485214125365, "diffusion_target_mae": 0.023899353668093683, "epoch": 381, "prior_mse": 0.03656554818153381, "train_loss": 0.012396239209920168}
{"diffusion_loss": 0.003286303044296801, "diffusion_target_mae": 0.02392063494771719, "epoch": 382, "prior_mse": 0.03669666685163975, "train_loss": 0.012460469733923674}
{"diffusion_loss": 0.003317310311831534, "diffusion_target_mae": 0.02386615127325058, "epoch": 383, "prior_mse": 0.036589793115854266, "train_loss": 0.012464758753776551}
{"diffusion_loss": 0.0032652287511155008, "diffusion_target_mae": 0.02374314647167921, "epoch": 384, "prior_mse": 0.03639031425118446, "train_loss": 0.012362807337194682}
{"diffusion_loss": 0.0031819525407627224, "diffusion_target_mae": 0.023632062040269373, "epoch": 385, "prior_mse": 0.0361696157604456, "train_loss": 0.012224356550723315}
{"diffusion_loss": 0.0031587321311235426, "diffusion_target_mae": 0.023543541505932807, "epoch": 386, "prior_mse": 0.03608918637037277, "train_loss": 0.012181028723716736}
{"diffusion_loss": 0.0031515945214778186, "diffusion_target_mae": 0.023470430448651314, "epoch": 387, "prior_mse": 0.03597962409257889, "train_loss": 0.012146500591188669}
{"diffusion_loss": 0.00320360423065722, "diffusion_target_mae": 0.023484743759036066, "epoch": 388, "prior_mse": 0.036034584045410156, "train_loss": 0.012212250195443631}
{"diffusion_loss": 0.003219802025705576, "diffusion_target_mae": 0.02343917116522789, "epoch": 389, "prior_mse": 0.03593923412263393, "train_loss": 0.012204610649496317}
{"diffusion_loss": 0.0031965428031980993, "diffusion_target_mae": 0.023388704843819143, "epoch": 390, "prior_mse": 0.03599560968577862, "train_loss": 0.012195445131510496}
{"diffusion_loss": 0.00323500141967088, "diffusion_target_mae": 0.023361566849052905, "epoch": 391, "prior_mse": 0.03594995960593224, "train_loss": 0.012222491297870874}
{"diffusion_loss": 0.0032737004570662976, "diffusion_target_mae": 0.02334453444927931, "epoch": 392, "prior_mse": 0.03594750575721264, "train_loss": 0.012260576710104942}
{"diffusion_loss": 0.0032028317684307693, "diffusion_target_mae": 0.02317973393946886, "epoch": 393, "prior_mse": 0.03567702546715736, "train_loss": 0.012122088111937046}
{"diffusion_loss": 0.0031355233397334812, "diffusion_target_mae": 0.023088699765503408, "epoch": 394, "prior_mse": 0.03545533418655396, "train_loss": 0.0119993569329381}
{"diffusion_loss": 0.0030933090019971132, "diffusion_target_mae": 0.022996776923537254, "epoch": 395, "prior_mse": 0.03539557196199894, "train_loss": 0.011942201945930719}
{"diffusion_loss": 0.003170949453487992, "diffusion_target_mae": 0.023067420721054076, "epoch": 396, "prior_mse": 0.03553514815866947, "train_loss": 0.012054736632853747}
{"diffusion_loss": 0.0030866330955177544, "diffusion_target_mae": 0.02290716618299484, "epoch": 397, "prior_mse": 0.03526330217719078, "train_loss": 0.011902458779513837}
{"diffusion_loss": 0.003096035867929459, "diffusion_target_mae": 0.022873068414628505, "epoch": 398, "prior_mse": 0.03528761826455593, "train_loss": 0.011917940340936184}
{"diffusion_loss": 0.0030280041741207243, "diffusion_target_mae": 0.022762225940823555, "epoch": 399, "prior_mse": 0.035008030384778975, "train_loss": 0.011780011840164662}
{"diffusion_loss": 0.003083207784220576, "diffusion_target_mae": 0.022750969603657724, "epoch": 400, "prior_mse": 0.03503941930830479, "train_loss": 0.011843062657862901}
{"diffusion_loss": 0.003218603110872209, "diffusion_target_mae": 0.022900088876485824, "epoch": 401, "prior_mse": 0.035338868573307994, "train_loss": 0.012053320184350014}
{"diffusion_loss": 0.003322178404778242, "diffusion_target_mae": 0.02299424782395363, "epoch": 402, "prior_mse": 0.03543596416711807, "train_loss": 0.01218116944655776}
{"diffusion_loss": 0.0030669596046209334, "diffusion_target_mae": 0.022678174078464508, "epoch": 403, "prior_mse": 0.034931009635329247, "train_loss": 0.011799711920320987}
{"diffusion_loss": 0.0029515806352719666, "diffusion_target_mae": 0.022421402856707573, "epoch": 404, "prior_mse": 0.034635061770677565, "train_loss": 0.011610345914959908}
{"diffusion_loss": 0.0029874019091948867, "diffusion_target_mae": 0.022432700730860233, "epoch": 405, "prior_mse": 0.03456159010529518, "train_loss": 0.011627799458801746}
{"diffusion_loss": 0.003031332092359662, "diffusion_target_mae": 0.022472535260021687, "epoch": 406, "prior_mse": 0.034811175614595416, "train_loss": 0.011734125949442387}
{"diffusion_loss": 0.002993259159848094, "diffusion_target_mae": 0.022341314516961575, "epoch": 407, "prior_mse": 0.03448645249009132, "train_loss": 0.011614872328937053}
{"diffusion_loss": 0.0029936755774542688, "diffusion_target_mae": 0.02231313530355692, "epoch": 408, "prior_mse": 0.034547587484121324, "train_loss": 0.01163057228550315}
{"diffusion_loss": 0.003011620114557445, "diffusion_target_mae": 0.022321540489792825, "epoch": 409, "prior_mse": 0.0346053060144186, "train_loss": 0.011662946548312902}
{"diffusion_loss": 0.002971231774426997, "diffusion_target_mae": 0.02218631040304899, "epoch": 410, "prior_mse": 0.034358013048768045, "train_loss": 0.011560734920203685}
{"diffusion_loss": 0.00303505330812186, "diffusion_target_mae": 0.022235240042209625, "epoch": 411, "prior_mse": 0.034409360587596895, "train_loss": 0.011637393478304147}
{"diffusion_loss": 0.0029363012174144386, "diffusion_target_mae": 0.022065651789307594, "epoch": 412, "prior_mse": 0.03415393903851509, "train_loss": 0.011474785953760147}
{"diffusion_loss": 0.002951989509165287, "diffusion_target_mae": 0.022067466005682945, "epoch": 413, "prior_mse": 0.03415390104055405, "train_loss": 0.011490464862436055}
{"diffusion_loss": 0.0028983866795897484, "diffusion_target_mae": 0.021956599690020083, "epoch": 414, "prior_mse": 0.03405023291707039, "train_loss": 0.011410944908857346}
{"diffusion_loss": 0.002909851283766329, "diffusion_target_mae": 0.021927163004875183, "epoch": 415, "prior_mse": 0.03399303928017616, "train_loss": 0.011408111173659563}
{"diffusion_loss": 0.0028749671997502445, "diffusion_target_mae": 0.021827275305986403, "epoch": 416, "prior_mse": 0.03381608985364437, "train_loss": 0.011328989546746016}
{"diffusion_loss": 0.0028631249675527214, "diffusion_target_mae": 0.021740463748574256, "epoch": 417, "prior_mse": 0.03371267504990101, "train_loss": 0.011291293893009424}
{"diffusion_loss": 0.0028500447515398264, "diffusion_target_mae": 0.0217126639559865, "epoch": 418, "prior_mse": 0.03367149345576763, "train_loss": 0.011267918068915606}
{"diffusion_loss": 0.002862339629791677, "diffusion_target_mae": 0.02169164698570967, "epoch": 419, "prior_mse": 0.03373824432492256, "train_loss": 0.011296900734305382}
{"diffusion_loss": 0.002843825216405094, "diffusion_target_mae": 0.021624597907066345, "epoch": 420, "prior_mse": 0.03354343436658382, "train_loss": 0.011229683831334113}
{"diffusion_loss": 0.0028086463455110787, "diffusion_target_mae": 0.02152577731758356, "epoch": 421, "prior_mse": 0.033444537222385405, "train_loss": 0.011169780697673558}
{"diffusion_loss": 0.002876769774593413, "diffusion_target_mae": 0.021599557437002658, "epoch": 422, "prior_mse": 0.03359814565628767, "train_loss": 0.011276306305080652}
{"diffusion_loss": 0.0029986478621140122, "diffusion_target_mae": 0.021760479547083378, "epoch": 423, "prior_mse": 0.0338601253926754, "train_loss": 0.01146367909386754}
{"diffusion_loss": 0.0028909915825352074, "diffusion_target_mae": 0.0215272331610322, "epoch": 424, "prior_mse": 0.033475571498274806, "train_loss": 0.011259884480386973}
{"diffusion_loss": 0.002849353174678981, "diffusion_target_mae": 0.021431392431259154, "epoch": 425, "prior_mse": 0.033319605886936186, "train_loss": 0.011179254576563834}
{"diffusion_loss": 0.0028732525650411846, "diffusion_target_mae": 0.021407872065901758, "epoch": 426, "prior_mse": 0.03330221548676491, "train_loss": 0.01119880648329854}
{"diffusion_loss": 0.002869675541296601, "diffusion_target_mae": 0.02140565924346447, "epoch": 427, "prior_mse": 0.03330087698996067, "train_loss": 0.011194894835352898}
{"diffusion_loss": 0.0027954303193837406, "diffusion_target_mae": 0.021289498545229435, "epoch": 428, "prior_mse": 0.033141061663627625, "train_loss": 0.011080695688724518}
{"diffusion_loss": 0.002767178020440042, "diffusion_target_mae": 0.02118546199053526, "epoch": 429, "prior_mse": 0.033020536229014394, "train_loss": 0.011022311914712191}
{"diffusion_loss": 0.0027947717113420366, "diffusion_target_mae": 0.021179943718016146, "epoch": 430, "prior_mse": 0.03301720358431339, "train_loss": 0.011049072723835707}
{"diffusion_loss": 0.002819142397493124, "diffusion_target_mae": 0.021237720362842084, "epoch": 431, "prior_mse": 0.033132932335138324, "train_loss": 0.011102375295013189}
{"diffusion_loss": 0.0027976756915450095, "diffusion_target_mae": 0.02114453390240669, "epoch": 432, "prior_mse": 0.032883571833372115, "train_loss": 0.011018568649888039}
{"diffusion_loss": 0.0027877304470166563, "diffusion_target_mae": 0.021073579043149947, "epoch": 433, "prior_mse": 0.03288148622959852, "train_loss": 0.011008101981133223}
{"diffusion_loss": 0.002748988987877965, "diffusion_target_mae": 0.020978070609271527, "epoch": 434, "prior_mse": 0.03277643993496895, "train_loss": 0.01094309901818633}
{"diffusion_loss": 0.0027564664836972953, "diffusion_target_mae": 0.020954910293221475, "epoch": 435, "prior_mse": 0.03274401873350143, "train_loss": 0.010942471213638783}
{"diffusion_loss": 0.0027380826650187373, "diffusion_target_mae": 0.020923412591218948, "epoch": 436, "prior_mse": 0.03270352184772492, "train_loss": 0.01091396315023303}
{"diffusion_loss": 0.0026927047409117224, "diffusion_target_mae": 0.020812050625681876, "epoch": 437, "prior_mse": 0.03248621989041567, "train_loss": 0.010814259760081768}
{"diffusion_loss": 0.002685410715639591, "diffusion_target_mae": 0.020792338997125626, "epoch": 438, "prior_mse": 0.0325514730066061, "train_loss": 0.010823278967291117}
{"diffusion_loss": 0.00264552035368979, "diffusion_target_mae": 0.020682292804121972, "epoch": 439, "prior_mse": 0.03239808324724436, "train_loss": 0.010745041258633136}
{"diffusion_loss": 0.0026640914846211674, "diffusion_target_mae": 0.020655698888003827, "epoch": 440, "prior_mse": 0.03232890348881483, "train_loss": 0.010746317356824875}
{"diffusion_loss": 0.0026961447671055793, "diffusion_target_mae": 0.020673188008368017, "epoch": 441, "prior_mse": 0.032299285382032396, "train_loss": 0.01077096601948142}
{"diffusion_loss": 0.0026727765100076793, "diffusion_target_mae": 0.02063622511923313, "epoch": 442, "prior_mse": 0.03233933970332146, "train_loss": 0.010757611505687237}
{"diffusion_loss": 0.002777091576717794, "diffusion_target_mae": 0.0207175912335515, "epoch": 443, "prior_mse": 0.0326317535713315, "train_loss": 0.010935030039399862}
{"diffusion_loss": 0.0026277216849848626, "diffusion_target_mae": 0.02048043832182884, "epoch": 444, "prior_mse": 0.032152690552175046, "train_loss": 0.01066589429974556}
{"diffusion_loss": 0.0026596722193062304, "diffusion_target_mae": 0.020485800690948963, "epoch": 445, "prior_mse": 0.03218447081744671, "train_loss": 0.010705790109932422}
{"diffusion_loss": 0.002615635422989726, "diffusion_target_mae": 0.020388029888272284, "epoch": 446, "prior_mse": 0.031940138153731826, "train_loss": 0.010600669868290424}
{"diffusion_loss": 0.0026640846161171796, "diffusion_target_mae": 0.02042196914553642, "epoch": 447, "prior_mse": 0.03201048709452152, "train_loss": 0.010666706319898366}
{"diffusion_loss": 0.002748900488950312, "diffusion_target_mae": 0.020497565902769566, "epoch": 448, "prior_mse": 0.03212921991944313, "train_loss": 0.01078120544552803}
{"diffusion_loss": 0.0027873467188328505, "diffusion_target_mae": 0.020537960156798363, "epoch": 449, "prior_mse": 0.0322637639939785, "train_loss": 0.010853287857025861}
{"diffusion_loss": 0.0027125942753627895, "diffusion_target_mae": 0.020399068482220173, "epoch": 450, "prior_mse": 0.032030470110476016, "train_loss": 0.0107202117331326}
{"cuda_available": true, "cuda_device_count": 1, "cuda_device_name": "NVIDIA H100 80GB HBM3 MIG 3g.40gb", "device": "cuda", "event": "device", "torch_version": "2.12.0"}
{
  "batch_size": 4096,
  "benchmark_export": {
    "edit_latent_fingerprints": "SketchMol-Unified-3MDiffusion/outputs/unified_generation_3m_edit_v2/eval_latent/edit_latent_fingerprints.npy",
    "edit_latent_predictions": "SketchMol-Unified-3MDiffusion/outputs/unified_generation_3m_edit_v2/eval_latent/edit_latent_predictions.npy",
    "fingerprint_dim": 512,
    "index_csv": "SketchMol-Unified-3MDiffusion/outputs/unified_generation_3m_edit_v2/eval_latent/index.csv",
    "rows": 9455,
    "variant": "full"
  },
  "by_property_count": {
    "2": {
      "delta_mae": 1.6868084778491619,
      "generated_minus_prior_latent_mae": 0.015789897239994754,
      "latent_mae": 0.1921266844640963,
      "latent_mse": 3.7731240769504906,
      "prior_delta_mae": 1.6749510846117086,
      "prior_latent_mae": 0.18666087331817938,
      "prior_target_fingerprint_cosine": 0.37371386035970455,
      "prior_target_property_mae": 6.236567501484612,
      "rows": 4617.0,
      "source_fingerprint_cosine": 0.3519843680634769,
      "source_target_fingerprint_cosine": 0.8074630530545434,
      "source_target_property_mae": 6.902745691030243,
      "target_fingerprint_cosine": 0.3723419898451829,
      "target_property_mae": 6.265041843631166
    },
    "3": {
      "delta_mae": 1.805948733588928,
      "generated_minus_prior_latent_mae": 0.014601228403972398,
      "latent_mae": 0.1928794863267561,
      "latent_mse": 3.739753277046056,
      "prior_delta_mae": 1.7860687650954084,
      "prior_latent_mae": 0.188059905355566,
      "prior_target_fingerprint_cosine": 0.3701964808403423,
      "prior_target_property_mae": 6.22862192035912,
      "rows": 2403.0,
      "source_fingerprint_cosine": 0.3479437999674231,
      "source_target_fingerprint_cosine": 0.7977885264723449,
      "source_target_property_mae": 8.306827130153485,
      "target_fingerprint_cosine": 0.3689233314358687,
      "target_property_mae": 6.229006266846937
    },
    "4": {
      "delta_mae": 1.9680149060964232,
      "generated_minus_prior_latent_mae": 0.013929599839201312,
      "latent_mae": 0.1961175612829554,
      "latent_mse": 4.022498417458188,
      "prior_delta_mae": 1.9531960163202047,
      "prior_latent_mae": 0.19167432910331877,
      "prior_target_fingerprint_cosine": 0.37175225150118063,
      "prior_target_property_mae": 6.4195765644686915,
      "rows": 1351.0,
      "source_fingerprint_cosine": 0.3470962322827501,
      "source_target_fingerprint_cosine": 0.7832038636554365,
      "source_target_property_mae": 10.307172500893065,
      "target_fingerprint_cosine": 0.37030218239766133,
      "target_property_mae": 6.396435209572712
    },
    "5": {
      "delta_mae": 2.1051095363404726,
      "generated_minus_prior_latent_mae": 0.015548815502465438,
      "latent_mae": 0.20032851256460477,
      "latent_mse": 4.221450983315423,
      "prior_delta_mae": 2.105887112858499,
      "prior_latent_mae": 0.1945040744793787,
      "prior_target_fingerprint_cosine": 0.36943347576606234,
      "prior_target_property_mae": 6.5540448800437,
      "rows": 737.0,
      "source_fingerprint_cosine": 0.34225271832598697,
      "source_target_fingerprint_cosine": 0.7619688900438822,
      "source_target_property_mae": 12.399270309683748,
      "target_fingerprint_cosine": 0.36838577316522286,
      "target_property_mae": 6.621235677717175
    },
    "6": {
      "delta_mae": 2.188591338745479,
      "generated_minus_prior_latent_mae": 0.012995061813853681,
      "latent_mae": 0.20421543473313594,
      "latent_mse": 4.254700434875899,
      "prior_delta_mae": 2.1937324864083325,
      "prior_latent_mae": 0.20035995514742258,
      "prior_target_fingerprint_cosine": 0.3729272052557182,
      "prior_target_property_mae": 6.859622690338513,
      "rows": 290.0,
      "source_fingerprint_cosine": 0.34991969407946744,
      "source_target_fingerprint_cosine": 0.7696026734179485,
      "source_target_property_mae": 14.517261366186471,
      "target_fingerprint_cosine": 0.37250853436510717,
      "target_property_mae": 6.843709075039831
    },
    "7": {
      "delta_mae": 2.294417269920048,
      "generated_minus_prior_latent_mae": 0.011574768980050035,
      "latent_mae": 0.21885154866858533,
      "latent_mse": 6.667686611806092,
      "prior_delta_mae": 2.3345289481313607,
      "prior_latent_mae": 0.21475289984230408,
      "prior_target_fingerprint_cosine": 0.3609608058277895,
      "prior_target_property_mae": 7.794662907458188,
      "rows": 57.0,
      "source_fingerprint_cosine": 0.32999068082459676,
      "source_target_fingerprint_cosine": 0.7586336475180014,
      "source_target_property_mae": 17.56542125501131,
      "target_fingerprint_cosine": 0.35913666689206386,
      "target_property_mae": 7.857531698126542
    }
  },
  "by_source_similarity_bin": {
    "easy_high_similarity": {
      "delta_mae": 1.5963872652974633,
      "generated_minus_prior_latent_mae": 0.015243889561479032,
      "latent_mae": 0.1991233714373715,
      "latent_mse": 4.171194467109091,
      "prior_delta_mae": 1.5857002446290798,
      "prior_latent_mae": 0.19458532105867005,
      "prior_target_fingerprint_cosine": 0.3766846291207176,
      "prior_target_property_mae": 6.608530728768313,
      "rows": 3735.0,
      "source_fingerprint_cosine": 0.3615193944298098,
      "source_target_fingerprint_cosine": 0.8755690474725671,
      "source_target_property_mae": 7.07234866920724,
      "target_fingerprint_cosine": 0.3753273662063016,
      "target_property_mae": 6.587482945838447
    },
    "hard_similarity": {
      "delta_mae": 2.116302025897178,
      "generated_minus_prior_latent_mae": 0.014955335919501716,
      "latent_mae": 0.18538158168779553,
      "latent_mse": 3.4003913584499728,
      "prior_delta_mae": 2.097415023169465,
      "prior_latent_mae": 0.17905418950083288,
      "prior_target_fingerprint_cosine": 0.3698332631649616,
      "prior_target_property_mae": 5.855825950825522,
      "rows": 1086.0,
      "source_fingerprint_cosine": 0.3361695392210134,
      "source_target_fingerprint_cosine": 0.6393305349603267,
      "source_target_property_mae": 11.560155097950888,
      "target_fingerprint_cosine": 0.3690855237671655,
      "target_property_mae": 5.957272350156944
    },
    "medium_similarity": {
      "delta_mae": 1.9082016081299615,
      "generated_minus_prior_latent_mae": 0.01500172232564886,
      "latent_mae": 0.19201166836048864,
      "latent_mse": 3.7320739399588696,
      "prior_delta_mae": 1.895737259959449,
      "prior_latent_mae": 0.1866937860425274,
      "prior_target_fingerprint_cosine": 0.3689461463209096,
      "prior_target_property_mae": 6.1838771591592465,
      "rows": 4634.0,
      "source_fingerprint_cosine": 0.3425375839861298,
      "source_target_fingerprint_cosine": 0.7696775521686418,
      "source_target_property_mae": 8.877043333632914,
      "target_fingerprint_cosine": 0.36755027388533934,
      "target_property_mae": 6.209353318400151
    }
  },
  "condition_connector": "SketchMol-Unified-3MDiffusion/outputs/unified_generation_3m_edit_v2/edit_condition_tokens/edit_condition_connector.pt",
  "connector_source": "diffusion_checkpoint.connector_state",
  "device": {
    "cuda_available": true,
    "cuda_device_count": 1,
    "cuda_device_name": "NVIDIA H100 80GB HBM3 MIG 3g.40gb",
    "device": "cuda",
    "torch_version": "2.12.0"
  },
  "diffusion_checkpoint": "SketchMol-Unified-3MDiffusion/outputs/unified_generation_3m_edit_v2/latent_diffusion/latent_diffusion_generation.pt",
  "diffusion_objective": "pred_x0",
  "diffusion_target": "residual",
  "eval_jsonl": "SketchMol-Unified-3MDiffusion/outputs/unified_generation_3m_edit_v2/dataset/unified_condition_eval.jsonl",
  "fingerprint_dim": 512,
  "latent_block_summary": {
    "active": {
      "generated_prior_mae": 0.007650597952306271,
      "generated_target_mae": 0.14320483803749084,
      "prior_target_mae": 0.13795168697834015,
      "source_target_mae": 0.0
    },
    "deltas": {
      "generated_prior_mae": 0.1538812816143036,
      "generated_target_mae": 1.8089282512664795,
      "prior_target_mae": 1.7964283227920532,
      "source_target_mae": 0.0
    },
    "fingerprint": {
      "generated_prior_mae": 0.007889294996857643,
      "generated_target_mae": 0.11115217953920364,
      "prior_target_mae": 0.10568445175886154,
      "source_target_mae": 0.03632461279630661
    },
    "properties": {
      "generated_prior_mae": 0.5377793312072754,
      "generated_target_mae": 6.329771041870117,
      "prior_target_mae": 6.3139472007751465,
      "source_target_mae": 8.472317695617676
    }
  },
  "max_eval_per_property_count": 0,
  "output_dir": "SketchMol-Unified-3MDiffusion/outputs/unified_generation_3m_edit_v2/eval_latent",
  "overall": {
    "delta_mae": 1.8089282589195772,
    "generated_minus_prior_latent_mae": 0.01509205749103753,
    "latent_mae": 0.19405946707710553,
    "latent_mse": 3.867442304357327,
    "prior_delta_mae": 1.7964283015868576,
    "prior_latent_mae": 0.18893368889192058,
    "prior_target_fingerprint_cosine": 0.37210496622042555,
    "prior_target_property_mae": 6.313947753579071,
    "rows": 9455.0,
    "source_fingerprint_cosine": 0.349304518453843,
    "source_target_fingerprint_cosine": 0.7965361322079788,
    "source_target_property_mae": 8.472318299726984,
    "target_fingerprint_cosine": 0.3707987901402792,
    "target_property_mae": 6.329771533838533
  },
  "rows": 9455,
  "sample_eta": 0.0,
  "sample_steps": 20
}
Unified 3M materialized benchmark
  python=/home/bdong/.venvs/molscribe_overlay/bin/python
  unified_output_dir=SketchMol-Unified-3MDiffusion/outputs/unified_generation_3m_edit_v2
  eval_latent_dir=SketchMol-Unified-3MDiffusion/outputs/unified_generation_3m_edit_v2/eval_latent
  condition_rows=SketchMol-MultiProperty-EditDataset/outputs/multiproperty_100k_v1/condition_rows.csv
  molecule_db=SketchMol-MultiProperty-EditDataset/outputs/multiproperty_100k_v1/molecule_database.csv
  benchmark_output_dir=SketchMol-Unified-3MDiffusion/outputs/unified_generation_3m_edit_v2/benchmark_materialized
  methods=source_identity,scaffold_property_retrieval,edit_latent_global_retrieval,edit_latent_source_similarity_rerank,edit_latent_scaffold_retrieval,edit_latent_scaffold_source_rerank,target_oracle
  fingerprint_weight=1.0
  source_tanimoto_thresholds=0.4,0.6,0.8
  restrict_to_edit_latent_index=1
{
  "alignment": {
    "edit_samples_in_eval_jsonl": 9455,
    "latent_rows": 9455,
    "matched_rows": 9455,
    "metrics_rows": 9455,
    "predictions_csv": "SketchMol-Unified-3MDiffusion/outputs/unified_generation_3m_edit_v2/eval_latent/predictions.csv"
  },
  "edit_latent_fingerprints": "SketchMol-Unified-3MDiffusion/outputs/unified_generation_3m_edit_v2/eval_latent/edit_latent_fingerprints.npy",
  "edit_latent_predictions": "SketchMol-Unified-3MDiffusion/outputs/unified_generation_3m_edit_v2/eval_latent/edit_latent_predictions.npy",
  "eval_jsonl": "SketchMol-Unified-3MDiffusion/outputs/unified_generation_3m_edit_v2/dataset/unified_condition_eval.jsonl",
  "fingerprint_dim": 512,
  "index_csv": "SketchMol-Unified-3MDiffusion/outputs/unified_generation_3m_edit_v2/eval_latent/index.csv",
  "latents_npy": "SketchMol-Unified-3MDiffusion/outputs/unified_generation_3m_edit_v2/eval_latent/generated_latents.npy",
  "metrics_json": "SketchMol-Unified-3MDiffusion/outputs/unified_generation_3m_edit_v2/eval_latent/metrics.json",
  "predictions_csv": "SketchMol-Unified-3MDiffusion/outputs/unified_generation_3m_edit_v2/eval_latent/predictions.csv",
  "rows": 9455,
  "variant": "full"
}
slurmstepd: error: *** JOB 15696011 ON g31 CANCELLED AT 2026-06-06T21:26:33 DUE TO TIME LIMIT ***
