Unified 3M materialized benchmark
  python=/home/bdong/.venvs/molscribe_overlay/bin/python
  unified_output_dir=SketchMol-Unified-3MDiffusion/outputs/unified_generation_3m_sourceaware_sweep_v2/hard002_head
  eval_latent_dir=SketchMol-Unified-3MDiffusion/outputs/unified_generation_3m_sourceaware_sweep_v2/hard002_head/eval_latent
  condition_rows=SketchMol-MultiProperty-EditDataset/outputs/multiproperty_100k_v1/condition_rows.csv
  molecule_db=SketchMol-MultiProperty-EditDataset/outputs/multiproperty_100k_v1/molecule_database.csv
  benchmark_output_dir=SketchMol-Unified-3MDiffusion/outputs/unified_generation_3m_sourceaware_sweep_v2/hard002_head/benchmark_materialized_primary_fast/shards/shard_4_of_5
  benchmark_profile=primary_fast
  methods=source_identity,scaffold_property_retrieval,edit_latent_source_similarity_rerank,edit_latent_scaffold_source_rerank,target_oracle
  fingerprint_weight=1.0
  max_edit_latent_candidates=5000
  source_similarity_rerank_candidates=256
  source_tanimoto_thresholds=0.4,0.6,0.8
  restrict_to_edit_latent_index=1
  eval_shard_index=4
  eval_shard_count=5
{
  "candidate_molecule_db_csv": "SketchMol-MultiProperty-EditDataset/outputs/multiproperty_100k_v1/molecule_database.csv",
  "candidate_molecules": 93343,
  "candidate_source": "molecule_database",
  "condition_feature_array": null,
  "condition_feature_variant": null,
  "condition_features_dir": null,
  "condition_rows_csv": "SketchMol-MultiProperty-EditDataset/outputs/multiproperty_100k_v1/condition_rows.csv",
  "decoded_csv": "SketchMol-Unified-3MDiffusion/outputs/unified_generation_3m_sourceaware_sweep_v2/hard002_head/benchmark_materialized_primary_fast/shards/shard_4_of_5/benchmark_decoded.csv",
  "edit_latent_delta_weight": 0.35,
  "edit_latent_dir": "SketchMol-Unified-3MDiffusion/outputs/unified_generation_3m_sourceaware_sweep_v2/hard002_head/eval_latent",
  "edit_latent_direction_weight": 0.1,
  "edit_latent_fingerprint_weight": 1.0,
  "edit_latent_property_weight": 1.0,
  "edit_latent_source_similarity_rerank_candidates": 256,
  "edit_latent_source_similarity_weight": 1.0,
  "eval_rows": 200,
  "eval_rows_before_shard": 1000,
  "eval_shard_count": 5,
  "eval_shard_index": 4,
  "eval_target_candidates_excluded": true,
  "max_edit_latent_candidates": 5000,
  "max_eval_per_property_count": 5000,
  "max_feature_candidates": 20000,
  "max_global_candidates": 20000,
  "methods": [
    "source_identity",
    "scaffold_property_retrieval",
    "edit_latent_source_similarity_rerank",
    "edit_latent_scaffold_source_rerank",
    "target_oracle"
  ],
  "output_dir": "SketchMol-Unified-3MDiffusion/outputs/unified_generation_3m_sourceaware_sweep_v2/hard002_head/benchmark_materialized_primary_fast/shards/shard_4_of_5",
  "report": "SketchMol-Unified-3MDiffusion/outputs/unified_generation_3m_sourceaware_sweep_v2/hard002_head/benchmark_materialized_primary_fast/shards/shard_4_of_5/benchmark_report.md",
  "rerank_candidates": 64,
  "rerank_property_weight": 0.0,
  "restrict_eval_to_edit_latent_index": true,
  "scaffold_fallback_mode": "source_identity",
  "source_tanimoto_thresholds": [
    0.4,
    0.6,
    0.8
  ],
  "summary_csv": "SketchMol-Unified-3MDiffusion/outputs/unified_generation_3m_sourceaware_sweep_v2/hard002_head/benchmark_materialized_primary_fast/shards/shard_4_of_5/benchmark_summary.csv",
  "train_rows": 240120
}

Unified materialized benchmark ready:
  report=SketchMol-Unified-3MDiffusion/outputs/unified_generation_3m_sourceaware_sweep_v2/hard002_head/benchmark_materialized_primary_fast/shards/shard_4_of_5/benchmark_report.md
  summary=SketchMol-Unified-3MDiffusion/outputs/unified_generation_3m_sourceaware_sweep_v2/hard002_head/benchmark_materialized_primary_fast/shards/shard_4_of_5/benchmark_summary.csv
  decoded=SketchMol-Unified-3MDiffusion/outputs/unified_generation_3m_sourceaware_sweep_v2/hard002_head/benchmark_materialized_primary_fast/shards/shard_4_of_5/benchmark_decoded.csv

# Multi-Property Direct Benchmark

This report compares source-image/property-condition retrieval baselines against the SketchMol multi-property strict-success reference, then adds source-similarity metrics for source-conditioned editing.

- condition rows: `SketchMol-MultiProperty-EditDataset/outputs/multiproperty_100k_v1/condition_rows.csv`
- eval split: `eval`
- candidate source: `molecule_database`
- candidate molecule DB: `SketchMol-MultiProperty-EditDataset/outputs/multiproperty_100k_v1/molecule_database.csv`
- max eval rows per property count: `5000`
- eval target candidates excluded from retrieval pool: `True`
- scaffold fallback mode: `source_identity`
- source Tanimoto thresholds: `0.4,0.6,0.8`
- restrict eval to edit-latent index: `True`
- edit latent predictions: `SketchMol-Unified-3MDiffusion/outputs/unified_generation_3m_sourceaware_sweep_v2/hard002_head/eval_latent`
- edit latent scorer weights: property=1.0, delta=0.35, direction=0.1, fingerprint=1.0, source_similarity=1.0, source_similarity_rerank_candidates=256

## Source-Similarity-Constrained Success

`strict@Tanimoto>=t` means strict property success AND Morgan fingerprint Tanimoto(source, generated) >= t. This is the primary source-conditioned editing metric; scaffold match is diagnostic only.

| method | mean source Tani | median source Tani | strict@0.4 | strict@0.6 | strict@0.8 |
| --- | ---: | ---: | ---: | ---: | ---: |
| source_identity | 1.000 | 1.000 | 0.335 | 0.335 | 0.335 |
| scaffold_property_retrieval | 0.936 | 1.000 | 0.345 | 0.345 | 0.320 |
| edit_latent_source_similarity_rerank | 0.189 | 0.165 | 0.030 | 0.005 | 0.005 |
| edit_latent_scaffold_source_rerank | 0.937 | 1.000 | 0.345 | 0.345 | 0.320 |
| target_oracle | 0.655 | 0.675 | 1.000 | 0.685 | 0.065 |

## Strict Property Success

This table is directly comparable to the SketchMol structured multi-property reference, but it does not measure source similarity by itself.

| method | 2p | 3p | 4p | 5p | 6p | 7p | mean source Tani all |
| --- | ---: | ---: | ---: | ---: | ---: | ---: | ---: |
| source_identity | 0.535 | 0.235 | 0.034 | 0.000 | 0.167 | 0.000 | 1.000 |
| scaffold_property_retrieval | 0.556 | 0.275 | 0.034 | 0.000 | 0.167 | 0.000 | 0.936 |
| edit_latent_source_similarity_rerank | 0.586 | 0.392 | 0.276 | 0.462 | 0.333 | 1.000 | 0.189 |
| edit_latent_scaffold_source_rerank | 0.556 | 0.275 | 0.034 | 0.000 | 0.167 | 0.000 | 0.937 |
| target_oracle | 1.000 | 1.000 | 1.000 | 1.000 | 1.000 | 1.000 | 0.655 |
| SketchMol structured reference | 0.804 | 0.768 | 0.736 | 0.716 | 0.678 | 0.685 |  |

## Scaffold-Match Diagnostics

`joint success = strict property success AND scaffold match`. Keep this as a hard source-preservation diagnostic, not the only edit metric.

| method | 2p | 3p | 4p | 5p | 6p | 7p | all |
| --- | ---: | ---: | ---: | ---: | ---: | ---: | ---: |
| source_identity | 0.535 | 0.235 | 0.034 | 0.000 | 0.167 | 0.000 | 0.335 |
| scaffold_property_retrieval | 0.556 | 0.275 | 0.034 | 0.000 | 0.167 | 0.000 | 0.355 |
| edit_latent_source_similarity_rerank | 0.000 | 0.000 | 0.000 | 0.000 | 0.000 | 0.000 | 0.000 |
| edit_latent_scaffold_source_rerank | 0.556 | 0.275 | 0.034 | 0.000 | 0.167 | 0.000 | 0.355 |
| target_oracle | 1.000 | 1.000 | 1.000 | 1.000 | 1.000 | 1.000 | 1.000 |

## Fallback Diagnostics

| method | global fallback | source fallback | empty fallback |
| --- | ---: | ---: | ---: |
| source_identity | 0.000 | 0.000 | 0.000 |
| scaffold_property_retrieval | 0.000 | 0.875 | 0.000 |
| edit_latent_source_similarity_rerank | 0.000 | 0.000 | 0.000 |
| edit_latent_scaffold_source_rerank | 0.000 | 0.875 | 0.000 |
| target_oracle | 0.000 | 0.000 | 0.000 |

Notes:
- `target_oracle` is an upper bound because it returns the known target molecule.
- `scaffold_property_retrieval` is the main strong non-generative baseline: it retrieves a candidate with the same scaffold and closest active-property values from the configured candidate library.
- `edit_latent_global_retrieval` ranks candidates using predicted target/delta properties from the learned source-conditioned edit latent.
- `edit_latent_source_similarity_rerank` is the main proposed retrieval-style method: it uses the learned edit latent plus source Tanimoto reranking without requiring scaffold identity.
- `edit_latent_scaffold_retrieval` applies that edit-latent scorer inside the same-scaffold candidate pool.
- `edit_latent_scaffold_source_rerank` is a scaffold-restricted diagnostic version of source-similarity reranking.
- `vlm_scaffold_feature_retrieval` retrieves same-scaffold train targets by nearest frozen VLM condition feature.
- `vlm_feature_retrieval` retrieves train targets by nearest frozen VLM condition feature without scaffold filtering.
- `global_property_vlm_rerank` first keeps the top property-matched candidates, then reranks them with Understanding-Condition features.
- `scaffold_property_vlm_rerank` applies the same rerank after same-scaffold property filtering. Unseen-scaffold fallback mode is `source_identity`.
- `global_property_retrieval` ignores source structure and can satisfy properties while failing source preservation.
- High strict success with low source Tanimoto should be interpreted as property retrieval, not source-conditioned molecular editing.
- A learned Understanding-Condition model should eventually improve strict property success at useful source-Tanimoto thresholds.
