Unified 3M source-anchor materialized benchmark
  label=blend095_guard050_p005
  output_dir=SketchMol-Unified-3MDiffusion/outputs/unified_generation_3m_sourceanchor_sweep_v1/blend095_guard050_p005
  benchmark_profile=primary_fast
  benchmark_modes=generated
  eval_jsonl=SketchMol-Unified-3MDiffusion/outputs/unified_generation_3m_source_neighbor_sourceguard_v1/dataset/unified_condition_eval.jsonl
  python=/home/bdong/.venvs/molscribe_overlay/bin/python

Running source-anchor generated materialized benchmark
  label=blend095_guard050_p005
  output_dir=SketchMol-Unified-3MDiffusion/outputs/unified_generation_3m_sourceanchor_sweep_v1/blend095_guard050_p005
  generated_latents=SketchMol-Unified-3MDiffusion/outputs/unified_generation_3m_sourceanchor_sweep_v1/blend095_guard050_p005/eval_latent/generated_latents.npy
  benchmark_output_dir=SketchMol-Unified-3MDiffusion/outputs/unified_generation_3m_sourceanchor_sweep_v1/blend095_guard050_p005/benchmark_materialized_primary_fast
Unified 3M materialized benchmark
  python=/home/bdong/.venvs/molscribe_overlay/bin/python
  unified_output_dir=SketchMol-Unified-3MDiffusion/outputs/unified_generation_3m_sourceanchor_sweep_v1/blend095_guard050_p005
  eval_latent_dir=SketchMol-Unified-3MDiffusion/outputs/unified_generation_3m_sourceanchor_sweep_v1/blend095_guard050_p005/eval_latent
  condition_rows=SketchMol-MultiProperty-EditDataset/outputs/multiproperty_source_neighbor_v1/condition_rows.csv
  molecule_db=SketchMol-MultiProperty-EditDataset/outputs/multiproperty_source_neighbor_v1/molecule_database.csv
  benchmark_output_dir=SketchMol-Unified-3MDiffusion/outputs/unified_generation_3m_sourceanchor_sweep_v1/blend095_guard050_p005/benchmark_materialized_primary_fast/shards/shard_0_of_5
  benchmark_profile=primary_fast
  methods=source_identity,source_tanimoto_property_oracle,edit_latent_source_first_rerank,edit_latent_source_similarity_rerank,target_oracle
  fingerprint_weight=1.0
  max_edit_latent_candidates=5000
  source_similarity_rerank_candidates=256
  source_first_min_tanimoto=0.4
  source_first_candidates=0
  source_tanimoto_thresholds=0.4,0.6,0.8
  restrict_to_edit_latent_index=1
  eval_shard_index=0
  eval_shard_count=5
slurmstepd: error: *** JOB 15775304 ON c256 CANCELLED AT 2026-06-08T10:37:13 DUE TO TIME LIMIT ***
