{
  "batch_size": 256,
  "config": "/home/bdong/scratch/projects/Diffusion-Molecule/SMILES-DualStream-EditorAtomas/configs/large.yaml",
  "cuda_available": true,
  "cuda_device_count": 1,
  "cuda_device_name": "NVIDIA H100 80GB HBM3 MIG 2g.20gb",
  "event": "preflight_ok",
  "first_usable_row": 1,
  "hidden_dim": 512,
  "input_csv": "/scratch/bdong/projects/Diffusion-Molecule/SketchMol-MultiProperty-EditDataset/outputs/multiproperty_100k_v1/diffusion_edit_manifest.csv",
  "manifest_jsonl": "/scratch/bdong/projects/Diffusion-Molecule/SMILES-DualStream-EditorAtomas/outputs/manifests/large_train.jsonl",
  "require_cuda": true,
  "require_torch": true,
  "torch_version": "2.12.0",
  "train_output_dir": "/scratch/bdong/projects/Diffusion-Molecule/SMILES-DualStream-EditorAtomas/outputs/runs/large"
}
----------------------------------------------------------------------
Ran 5 tests in 0.001s

OK
/scratch/bdong/projects/Diffusion-Molecule/SMILES-DualStream-EditorAtomas/smiles_dual_stream/train.py:134: FutureWarning: `torch.cuda.amp.GradScaler(args...)` is deprecated. Please use `torch.amp.GradScaler('cuda', args...)` instead.
  scaler = torch.cuda.amp.GradScaler(enabled=bool(config.get("fp16", False)) and device.type == "cuda")
/scratch/bdong/projects/Diffusion-Molecule/SMILES-DualStream-EditorAtomas/smiles_dual_stream/train.py:153: FutureWarning: `torch.cuda.amp.autocast(args...)` is deprecated. Please use `torch.amp.autocast('cuda', args...)` instead.
  with torch.cuda.amp.autocast(enabled=scaler.is_enabled()):
prepared 222753 examples: /scratch/bdong/projects/Diffusion-Molecule/SMILES-DualStream-EditorAtomas/outputs/manifests/large_train.jsonl
